// Jest Snapshot v1, https://goo.gl/fbAQLP

exports[`Table Renders 1`] = `
.c13 {
  display: inline-block;
  margin-left: 0.3rem;
}

tabell.g18[id="c12"] {
  content: "c13,";
}

.c8 {
  -webkit-flex: 0 1 auto;
  -ms-flex: 0 1 auto;
  flex: 0 1 auto;
  display: -webkit-box;
  display: -webkit-flex;
  display: -ms-flexbox;
  display: flex;
  -webkit-flex-direction: row;
  -ms-flex-direction: row;
  flex-direction: row;
}

tabell.g20[id="c6"] {
  content: "c8,";
}

.c9 {
  -webkit-align-items: center;
  -webkit-box-align: center;
  -ms-flex-align: center;
  align-items: center;
}

tabell.g23[id="c7"] {
  content: "c9,";
}

.c15 {
  -webkit-box-pack: justify;
  -webkit-justify-content: space-between;
  -ms-flex-pack: justify;
  justify-content: space-between;
}

tabell.g24[id="c14"] {
  content: "c15,";
}

.c1 {
  width: 100%;
}

.c1 .tabell td,
.c1 .tabell th,
.c1 .tabell .tabell__td,
.c1 .tabell .tabell__th {
  padding: inherit;
  vertical-align: middle;
}

.c1 tr:not(:hover) div.tabell__buttons,
.c1 tr.tabell__tr--disabled div.tabell__buttons {
  visibility: hidden;
}

.c1 td,
.c1 th {
  padding: 0.35rem !important;
}

.c1 .tabell thead th div.selectall button::after {
  content: none !important;
}

.c1 .tabell thead th div.selectall {
  text-align: center;
}

.c1 thead th button {
  white-space: break-spaces !important;
  margin: 0rem !important;
  padding: 0rem 0.2rem !important;
  width: 100% !important;
  display: contents;
  color: var(--navds-semantic-color-interaction-primary-hover);
}

.c1 tbody tr button.expandingButton {
  padding: 0.2rem;
}

.c1 tr.tabell__tr--valgt td {
  background: var(--navds-semantic-color-focus-inverted);
}

.c1.error {
  border-color: var(--navds-tag-color-error-border) !important;
  border-width: 3px !important;
  border-style: solid !important;
}

.c1 .clickable {
  cursor: pointer;
}

.c1 thead th.noborder {
  border-bottom: none !important;
}

.c1 tbody.striped tr:nth-child(odd) {
  background: var(--navds-semantic-color-canvas-background);
}

.c1 tbody.striped tr:nth-child(even) {
  background: var(--navds-semantic-color-component-background-light);
}

.c1__subcell {
  display: -webkit-box;
  display: -webkit-flex;
  display: -ms-flexbox;
  display: flex;
  padding: 0.25rem 0.5rem 0.25rem 0.5rem;
}

.c1___seefilters-icon {
  cursor: pointer;
}

.c1__pagination {
  -webkit-box-pack: end;
  -webkit-justify-content: flex-end;
  -ms-flex-pack: end;
  justify-content: flex-end;
}

.c1 .header {
  cursor: pointer;
}

.c1 th.buttons {
  width: 1px;
}

.c1 tr.slideAnimate {
  opacity: 0;
  -webkit-transform: translateX(-20px);
  -ms-transform: translateX(-20px);
  transform: translateX(-20px);
  -webkit-animation: fSLHgq 0.2s forwards;
  animation: fSLHgq 0.2s forwards;
}

.c1 tbody tr:hover:not(.tabell__tr--disabled) td {
  background: var(--navds-semantic-color-interaction-primary-hover-subtle) !important;
}

.c1 .tabell__tr--disabled {
  background: var(--navds-semantic-color-component-background-alternate) !important;
  color: var(--navds-semantic-color-text) !important;
}

.c1 .tabell__tr--disabled * {
  color: var(--navds-semantic-color-text) !important;
}

.c1 .tabell thead th button,
.c1 .tabell .tabell__thead th button,
.c1 .tabell thead .tabell__th button,
.c1 .tabell .tabell__thead .tabell__th button {
  display: -webkit-box;
  display: -webkit-flex;
  display: -ms-flexbox;
  display: flex;
  color: var(--navds-semantic-color-interaction-primary) !important;
}

.c1 .tabell thead th button:hover:not(:disabled),
.c1 .tabell .tabell__thead th button:hover:not(:disabled),
.c1 .tabell thead .tabell__th button:hover:not(:disabled),
.c1 .tabell .tabell__thead .tabell__th button:hover:not(:disabled) {
  color: var(--navds-semantic-color-interaction-primary) !important;
  border-color: var(--navds-semantic-color-interaction-primary) !important;
}

.c1 .tabell thead th button:focus,
.c1 .tabell .tabell__thead th button:focus,
.c1 .tabell thead .tabell__th button:focus,
.c1 .tabell .tabell__thead .tabell__th button:focus {
  box-shadow: 0 0 0 3px var(--navds-semantic-color-focus) !important;
}

tabell.g38[id="c0"] {
  content: "c1,";
}

.c3 {
  position: relative;
}

tabell.g39[id="c2"] {
  content: "c3,";
}

.c5 {
  width: 100%;
}

tabell.g41[id="c4"] {
  content: "c5,";
}

.c11 {
  margin-left: 0.5rem;
  cursor: pointer;
}

tabell.g42[id="c10"] {
  content: "c11,";
}

<TableFC
  animatable={true}
  columns={
    Array [
      Object {
        "id": "string",
        "label": "ui:string",
        "type": "string",
      },
      Object {
        "id": "date",
        "label": "ui:date",
        "type": "date",
      },
      Object {
        "id": "object",
        "label": "ui:variant",
        "needle": [Function],
        "renderCell": [Function],
        "type": "object",
      },
    ]
  }
  id="test"
  items={
    Array [
      Object {
        "date": 2020-01-31T23:00:00.000Z,
        "key": "01",
        "object": Object {
          "label": "Object 01",
        },
        "string": "String 01",
        "visible": true,
      },
      Object {
        "date": 2020-02-01T23:00:00.000Z,
        "key": "02",
        "object": Object {
          "label": "Object 02",
        },
        "string": "String 02",
        "visible": true,
      },
      Object {
        "date": 2020-02-02T23:00:00.000Z,
        "key": "03",
        "object": Object {
          "label": "Object 03",
        },
        "string": "String 03",
        "visible": true,
      },
      Object {
        "date": 2020-02-03T23:00:00.000Z,
        "key": "04",
        "object": Object {
          "label": "Object 04",
        },
        "string": "String 04",
        "visible": true,
      },
      Object {
        "date": 2020-02-04T23:00:00.000Z,
        "key": "05",
        "object": Object {
          "label": "Object 05",
        },
        "string": "String 05",
        "visible": true,
      },
      Object {
        "date": 2020-02-05T23:00:00.000Z,
        "key": "06",
        "object": Object {
          "label": "Object 06",
        },
        "string": "String 06",
        "visible": true,
      },
      Object {
        "date": 2020-02-06T23:00:00.000Z,
        "key": "07",
        "object": Object {
          "label": "Object 07",
        },
        "string": "String 07",
        "visible": true,
      },
      Object {
        "date": 2020-02-07T23:00:00.000Z,
        "key": "08",
        "object": Object {
          "label": "Object 08",
        },
        "string": "String 08",
        "visible": true,
      },
      Object {
        "date": 2020-02-08T23:00:00.000Z,
        "key": "09",
        "object": Object {
          "label": "Object 09",
        },
        "string": "String 09",
        "visible": true,
      },
      Object {
        "date": 2020-02-09T23:00:00.000Z,
        "key": "10",
        "object": Object {
          "label": "Object 10",
        },
        "string": "String 10",
        "visible": true,
      },
      Object {
        "date": 2020-02-10T23:00:00.000Z,
        "key": "11",
        "object": Object {
          "label": "Object 11",
        },
        "string": "String 11",
        "visible": true,
      },
    ]
  }
  itemsPerPage={5}
  labels={
    Object {
      "string 01": "Tooltip for string 01",
      "string 02": "Tooltip for string 02",
      "string 03": "Tooltip for string 03",
      "string 04": "Tooltip for string 04",
      "string 05": "Tooltip for string 05",
      "string 06": "Tooltip for string 06",
      "string 07": "Tooltip for string 07",
      "string 08": "Tooltip for string 08",
      "string 09": "Tooltip for string 09",
      "string 10": "Tooltip for string 10",
      "string 11": "Tooltip for string 11",
    }
  }
  loading={false}
  onRowSelectChange={[MockFunction]}
  pagination={true}
  searchable={true}
  selectable={true}
  sortable={true}
>
  <styled.div
    className=""
    coloredSelectedRow={true}
  >
    <div
      className="c0 c1"
    >
      <styled.div>
        <div
          className="c2 c3"
        >
          <Styled(Component)
            cellSpacing="0"
            className="tabell tabell__table"
            size="medium"
          >
            <ForwardRef
              cellSpacing="0"
              className="c4 c5 tabell tabell__table"
              size="medium"
            >
              <table
                cellSpacing="0"
                className="navds-table navds-table--medium c4 c5 tabell tabell__table"
              >
                <ForwardRef>
                  <thead
                    className="navds-table__header"
                  >
                    <ForwardRef
                      className="tabell__header"
                    >
                      <tr
                        className="navds-table__row tabell__header"
                      >
                        <ForwardRef
                          style={
                            Object {
                              "width": 1,
                            }
                          }
                        >
                          <ForwardRef
                            as="th"
                            className="navds-table__header-cell"
                            size="medium"
                            style={
                              Object {
                                "width": 1,
                              }
                            }
                          >
                            <th
                              className="navds-table__header-cell navds-label"
                              style={
                                Object {
                                  "width": 1,
                                }
                              }
                            >
                              <Styled(styled.div)>
                                <div
                                  className="c6 c7 c8 c9"
                                >
                                  <div
                                    className="selectall"
                                    title="Velg alle"
                                  >
                                    <ForwardRef
                                      checked={false}
                                      className="tabell__checkAll-checkbox"
                                      hideLabel={true}
                                      id="tabell__checkAll-checkbox-id-test"
                                      key="tabell__checkAll-checkbox-id-testtrue"
                                      onChange={[Function]}
                                    >
                                      <div
                                        className="tabell__checkAll-checkbox navds-checkbox navds-checkbox--medium"
                                      >
                                        <input
                                          aria-invalid={false}
                                          checked={false}
                                          className="navds-checkbox__input"
                                          id="tabell__checkAll-checkbox-id-test"
                                          onChange={[Function]}
                                          type="checkbox"
                                        />
                                        <label
                                          className="navds-checkbox__label"
                                          htmlFor="tabell__checkAll-checkbox-id-test"
                                        >
                                          <div
                                            className="navds-checkbox__content navds-sr-only"
                                          >
                                            <ForwardRef
                                              as="div"
                                              size="medium"
                                            >
                                              <div
                                                className="navds-body-short"
                                              >
                                                Velg alle
                                              </div>
                                            </ForwardRef>
                                          </div>
                                        </label>
                                      </div>
                                    </ForwardRef>
                                  </div>
                                  <styled.div
                                    aria-pressed={false}
                                    className="tabell___seefilters-icon"
                                    id="tabell__seefilters-icon-id"
                                    onClick={[Function]}
                                    role="button"
                                    title="Filter"
                                  >
                                    <div
                                      aria-pressed={false}
                                      className="c10 c11 tabell___seefilters-icon"
                                      id="tabell__seefilters-icon-id"
                                      onClick={[Function]}
                                      role="button"
                                      title="Filter"
                                    >
                                      <_default>
                                        <svg
                                          height="20"
                                          version="1.1"
                                          viewBox="0 0 256 256"
                                          width="20"
                                          xmlSpace="preserve"
                                          xmlns="http://www.w3.org/2000/svg"
                                          xmlnsXlink="http://www.w3.org/1999/xlink"
                                        >
                                          <g
                                            transform="translate(128 128) scale(0.87 0.87)"
                                          >
                                            <g
                                              fill="none"
                                              fillRule="nonzero"
                                              opacity="1"
                                              stroke="none"
                                              strokeDasharray="none"
                                              strokeLinecap="butt"
                                              strokeLinejoin="miter"
                                              strokeMiterlimit="10"
                                              strokeWidth="0"
                                              transform="translate(-144.89999999999998 -144.90000000000003) scale(3.22 3.22)"
                                            >
                                              <path
                                                d="M 37.882 90 c -0.338 0 -0.676 -0.086 -0.981 -0.258 c -0.629 -0.354 -1.019 -1.02 -1.019 -1.742 V 45.354 L 3.923 3.208 C 3.464 2.604 3.388 1.791 3.726 1.11 S 4.758 0 5.517 0 h 78.966 c 0.76 0 1.453 0.43 1.791 1.11 s 0.262 1.493 -0.197 2.098 L 54.118 45.354 V 79.37 c 0 0.699 -0.365 1.348 -0.963 1.71 l -14.237 8.63 C 38.601 89.903 38.241 90 37.882 90 z M 9.543 4 l 29.932 39.474 c 0.264 0.348 0.406 0.772 0.406 1.208 v 39.767 l 10.236 -6.205 V 44.682 c 0 -0.437 0.143 -0.861 0.406 -1.208 L 80.457 4 H 9.543 z M 52.118 79.37 h 0.01 H 52.118 z"
                                                fill="rgb(0,0,0)"
                                                fillRule="nonzero"
                                                opacity="1"
                                                stroke="none"
                                                strokeDasharray="none"
                                                strokeLinecap="round"
                                                strokeLinejoin="miter"
                                                strokeMiterlimit="10"
                                                strokeWidth="1"
                                                transform=" matrix(1 0 0 1 0 0) "
                                              />
                                            </g>
                                          </g>
                                        </svg>
                                      </_default>
                                    </div>
                                  </styled.div>
                                </div>
                              </Styled(styled.div)>
                            </th>
                          </ForwardRef>
                        </ForwardRef>
                        <ForwardRef
                          aria-sort="none"
                          className="header"
                          key="th-string"
                          role="columnheader"
                        >
                          <ForwardRef
                            aria-sort="none"
                            as="th"
                            className="navds-table__header-cell header"
                            role="columnheader"
                            size="medium"
                          >
                            <th
                              aria-sort="none"
                              className="navds-table__header-cell header navds-label"
                              role="columnheader"
                            >
                              <ForwardRef
                                onClick={[Function]}
                                size="small"
                              >
                                <button
                                  className="navds-button navds-button--primary navds-button--small"
                                  onClick={[Function]}
                                  style={
                                    Object {
                                      "width": undefined,
                                    }
                                  }
                                >
                                  <ForwardRef
                                    aria-live="polite"
                                    as="span"
                                    className="navds-button__inner"
                                    size="small"
                                  >
                                    <span
                                      aria-live="polite"
                                      className="navds-button__inner navds-body-short navds-body-short--small"
                                    >
                                      ui:string
                                    </span>
                                  </ForwardRef>
                                </button>
                              </ForwardRef>
                            </th>
                          </ForwardRef>
                        </ForwardRef>
                        <ForwardRef
                          aria-sort="none"
                          className="header"
                          key="th-date"
                          role="columnheader"
                        >
                          <ForwardRef
                            aria-sort="none"
                            as="th"
                            className="navds-table__header-cell header"
                            role="columnheader"
                            size="medium"
                          >
                            <th
                              aria-sort="none"
                              className="navds-table__header-cell header navds-label"
                              role="columnheader"
                            >
                              <ForwardRef
                                onClick={[Function]}
                                size="small"
                              >
                                <button
                                  className="navds-button navds-button--primary navds-button--small"
                                  onClick={[Function]}
                                  style={
                                    Object {
                                      "width": undefined,
                                    }
                                  }
                                >
                                  <ForwardRef
                                    aria-live="polite"
                                    as="span"
                                    className="navds-button__inner"
                                    size="small"
                                  >
                                    <span
                                      aria-live="polite"
                                      className="navds-button__inner navds-body-short navds-body-short--small"
                                    >
                                      ui:date
                                    </span>
                                  </ForwardRef>
                                </button>
                              </ForwardRef>
                            </th>
                          </ForwardRef>
                        </ForwardRef>
                        <ForwardRef
                          aria-sort="none"
                          className="header"
                          key="th-object"
                          role="columnheader"
                        >
                          <ForwardRef
                            aria-sort="none"
                            as="th"
                            className="navds-table__header-cell header"
                            role="columnheader"
                            size="medium"
                          >
                            <th
                              aria-sort="none"
                              className="navds-table__header-cell header navds-label"
                              role="columnheader"
                            >
                              <ForwardRef
                                onClick={[Function]}
                                size="small"
                              >
                                <button
                                  className="navds-button navds-button--primary navds-button--small"
                                  onClick={[Function]}
                                  style={
                                    Object {
                                      "width": undefined,
                                    }
                                  }
                                >
                                  <ForwardRef
                                    aria-live="polite"
                                    as="span"
                                    className="navds-button__inner"
                                    size="small"
                                  >
                                    <span
                                      aria-live="polite"
                                      className="navds-button__inner navds-body-short navds-body-short--small"
                                    >
                                      ui:variant
                                    </span>
                                  </ForwardRef>
                                </button>
                              </ForwardRef>
                            </th>
                          </ForwardRef>
                        </ForwardRef>
                      </tr>
                    </ForwardRef>
                  </thead>
                </ForwardRef>
                <ForwardRef
                  className="striped"
                  key="tbody--1"
                >
                  <tbody
                    className="navds-table__body striped"
                  >
                    <ForwardRef
                      aria-selected={false}
                      className="slideAnimate clickable"
                      id="tabell-test__row-01"
                      key="01_sort_none"
                      onClick={[Function]}
                      style={
                        Object {
                          "animationDelay": "0s",
                        }
                      }
                    >
                      <tr
                        aria-selected={false}
                        className="navds-table__row slideAnimate clickable"
                        id="tabell-test__row-01"
                        onClick={[Function]}
                        style={
                          Object {
                            "animationDelay": "0s",
                          }
                        }
                      >
                        <ForwardRef
                          style={
                            Object {
                              "verticalAlign": "middle",
                            }
                          }
                          title="Velg 01"
                        >
                          <ForwardRef
                            as="td"
                            className="navds-table__data-cell"
                            size="medium"
                            style={
                              Object {
                                "verticalAlign": "middle",
                              }
                            }
                            title="Velg 01"
                          >
                            <td
                              className="navds-table__data-cell navds-body-short"
                              style={
                                Object {
                                  "verticalAlign": "middle",
                                }
                              }
                              title="Velg 01"
                            >
                              <Styled(styled.div)>
                                <div
                                  className="c6 c7 c8 c9"
                                >
                                  <styled.div
                                    size="0.3"
                                  >
                                    <div
                                      className="c12 c13"
                                      size="0.3"
                                    />
                                  </styled.div>
                                  <ForwardRef
                                    checked={false}
                                    data-test-id="tabell-test__row-select-01"
                                    disabled={false}
                                    hideLabel={true}
                                    id="tabell-test__row-select-01"
                                    onChange={[Function]}
                                  >
                                    <div
                                      className="navds-checkbox navds-checkbox--medium"
                                    >
                                      <input
                                        aria-invalid={false}
                                        checked={false}
                                        className="navds-checkbox__input"
                                        data-test-id="tabell-test__row-select-01"
                                        disabled={false}
                                        id="tabell-test__row-select-01"
                                        onChange={[Function]}
                                        type="checkbox"
                                      />
                                      <label
                                        className="navds-checkbox__label"
                                        htmlFor="tabell-test__row-select-01"
                                      >
                                        <div
                                          className="navds-checkbox__content navds-sr-only"
                                        >
                                          <ForwardRef
                                            as="div"
                                            size="medium"
                                          >
                                            <div
                                              className="navds-body-short"
                                            />
                                          </ForwardRef>
                                        </div>
                                      </label>
                                    </div>
                                  </ForwardRef>
                                </div>
                              </Styled(styled.div)>
                            </td>
                          </ForwardRef>
                        </ForwardRef>
                        <ForwardRef
                          className=""
                          key="01-column-string"
                        >
                          <ForwardRef
                            as="td"
                            className="navds-table__data-cell"
                            size="medium"
                          >
                            <td
                              className="navds-table__data-cell navds-body-short"
                            >
                              <ForwardRef>
                                <p
                                  className="navds-body-long"
                                >
                                  String 01
                                </p>
                              </ForwardRef>
                            </td>
                          </ForwardRef>
                        </ForwardRef>
                        <ForwardRef
                          className=""
                          key="01-column-date"
                        >
                          <ForwardRef
                            as="td"
                            className="navds-table__data-cell"
                            size="medium"
                          >
                            <td
                              className="navds-table__data-cell navds-body-short"
                            >
                              <ForwardRef>
                                <p
                                  className="navds-body-long"
                                >
                                  01/02/2020
                                </p>
                              </ForwardRef>
                            </td>
                          </ForwardRef>
                        </ForwardRef>
                        <ForwardRef
                          className=""
                          key="01-column-object"
                        >
                          <ForwardRef
                            as="td"
                            className="navds-table__data-cell"
                            size="medium"
                          >
                            <td
                              className="navds-table__data-cell navds-body-short"
                            >
                              <span>
                                Object 01
                              </span>
                            </td>
                          </ForwardRef>
                        </ForwardRef>
                      </tr>
                    </ForwardRef>
                    <ForwardRef
                      aria-selected={false}
                      className="slideAnimate clickable"
                      id="tabell-test__row-02"
                      key="02_sort_none"
                      onClick={[Function]}
                      style={
                        Object {
                          "animationDelay": "0.01s",
                        }
                      }
                    >
                      <tr
                        aria-selected={false}
                        className="navds-table__row slideAnimate clickable"
                        id="tabell-test__row-02"
                        onClick={[Function]}
                        style={
                          Object {
                            "animationDelay": "0.01s",
                          }
                        }
                      >
                        <ForwardRef
                          style={
                            Object {
                              "verticalAlign": "middle",
                            }
                          }
                          title="Velg 02"
                        >
                          <ForwardRef
                            as="td"
                            className="navds-table__data-cell"
                            size="medium"
                            style={
                              Object {
                                "verticalAlign": "middle",
                              }
                            }
                            title="Velg 02"
                          >
                            <td
                              className="navds-table__data-cell navds-body-short"
                              style={
                                Object {
                                  "verticalAlign": "middle",
                                }
                              }
                              title="Velg 02"
                            >
                              <Styled(styled.div)>
                                <div
                                  className="c6 c7 c8 c9"
                                >
                                  <styled.div
                                    size="0.3"
                                  >
                                    <div
                                      className="c12 c13"
                                      size="0.3"
                                    />
                                  </styled.div>
                                  <ForwardRef
                                    checked={false}
                                    data-test-id="tabell-test__row-select-02"
                                    disabled={false}
                                    hideLabel={true}
                                    id="tabell-test__row-select-02"
                                    onChange={[Function]}
                                  >
                                    <div
                                      className="navds-checkbox navds-checkbox--medium"
                                    >
                                      <input
                                        aria-invalid={false}
                                        checked={false}
                                        className="navds-checkbox__input"
                                        data-test-id="tabell-test__row-select-02"
                                        disabled={false}
                                        id="tabell-test__row-select-02"
                                        onChange={[Function]}
                                        type="checkbox"
                                      />
                                      <label
                                        className="navds-checkbox__label"
                                        htmlFor="tabell-test__row-select-02"
                                      >
                                        <div
                                          className="navds-checkbox__content navds-sr-only"
                                        >
                                          <ForwardRef
                                            as="div"
                                            size="medium"
                                          >
                                            <div
                                              className="navds-body-short"
                                            />
                                          </ForwardRef>
                                        </div>
                                      </label>
                                    </div>
                                  </ForwardRef>
                                </div>
                              </Styled(styled.div)>
                            </td>
                          </ForwardRef>
                        </ForwardRef>
                        <ForwardRef
                          className=""
                          key="02-column-string"
                        >
                          <ForwardRef
                            as="td"
                            className="navds-table__data-cell"
                            size="medium"
                          >
                            <td
                              className="navds-table__data-cell navds-body-short"
                            >
                              <ForwardRef>
                                <p
                                  className="navds-body-long"
                                >
                                  String 02
                                </p>
                              </ForwardRef>
                            </td>
                          </ForwardRef>
                        </ForwardRef>
                        <ForwardRef
                          className=""
                          key="02-column-date"
                        >
                          <ForwardRef
                            as="td"
                            className="navds-table__data-cell"
                            size="medium"
                          >
                            <td
                              className="navds-table__data-cell navds-body-short"
                            >
                              <ForwardRef>
                                <p
                                  className="navds-body-long"
                                >
                                  02/02/2020
                                </p>
                              </ForwardRef>
                            </td>
                          </ForwardRef>
                        </ForwardRef>
                        <ForwardRef
                          className=""
                          key="02-column-object"
                        >
                          <ForwardRef
                            as="td"
                            className="navds-table__data-cell"
                            size="medium"
                          >
                            <td
                              className="navds-table__data-cell navds-body-short"
                            >
                              <span>
                                Object 02
                              </span>
                            </td>
                          </ForwardRef>
                        </ForwardRef>
                      </tr>
                    </ForwardRef>
                    <ForwardRef
                      aria-selected={false}
                      className="slideAnimate clickable"
                      id="tabell-test__row-03"
                      key="03_sort_none"
                      onClick={[Function]}
                      style={
                        Object {
                          "animationDelay": "0.02s",
                        }
                      }
                    >
                      <tr
                        aria-selected={false}
                        className="navds-table__row slideAnimate clickable"
                        id="tabell-test__row-03"
                        onClick={[Function]}
                        style={
                          Object {
                            "animationDelay": "0.02s",
                          }
                        }
                      >
                        <ForwardRef
                          style={
                            Object {
                              "verticalAlign": "middle",
                            }
                          }
                          title="Velg 03"
                        >
                          <ForwardRef
                            as="td"
                            className="navds-table__data-cell"
                            size="medium"
                            style={
                              Object {
                                "verticalAlign": "middle",
                              }
                            }
                            title="Velg 03"
                          >
                            <td
                              className="navds-table__data-cell navds-body-short"
                              style={
                                Object {
                                  "verticalAlign": "middle",
                                }
                              }
                              title="Velg 03"
                            >
                              <Styled(styled.div)>
                                <div
                                  className="c6 c7 c8 c9"
                                >
                                  <styled.div
                                    size="0.3"
                                  >
                                    <div
                                      className="c12 c13"
                                      size="0.3"
                                    />
                                  </styled.div>
                                  <ForwardRef
                                    checked={false}
                                    data-test-id="tabell-test__row-select-03"
                                    disabled={false}
                                    hideLabel={true}
                                    id="tabell-test__row-select-03"
                                    onChange={[Function]}
                                  >
                                    <div
                                      className="navds-checkbox navds-checkbox--medium"
                                    >
                                      <input
                                        aria-invalid={false}
                                        checked={false}
                                        className="navds-checkbox__input"
                                        data-test-id="tabell-test__row-select-03"
                                        disabled={false}
                                        id="tabell-test__row-select-03"
                                        onChange={[Function]}
                                        type="checkbox"
                                      />
                                      <label
                                        className="navds-checkbox__label"
                                        htmlFor="tabell-test__row-select-03"
                                      >
                                        <div
                                          className="navds-checkbox__content navds-sr-only"
                                        >
                                          <ForwardRef
                                            as="div"
                                            size="medium"
                                          >
                                            <div
                                              className="navds-body-short"
                                            />
                                          </ForwardRef>
                                        </div>
                                      </label>
                                    </div>
                                  </ForwardRef>
                                </div>
                              </Styled(styled.div)>
                            </td>
                          </ForwardRef>
                        </ForwardRef>
                        <ForwardRef
                          className=""
                          key="03-column-string"
                        >
                          <ForwardRef
                            as="td"
                            className="navds-table__data-cell"
                            size="medium"
                          >
                            <td
                              className="navds-table__data-cell navds-body-short"
                            >
                              <ForwardRef>
                                <p
                                  className="navds-body-long"
                                >
                                  String 03
                                </p>
                              </ForwardRef>
                            </td>
                          </ForwardRef>
                        </ForwardRef>
                        <ForwardRef
                          className=""
                          key="03-column-date"
                        >
                          <ForwardRef
                            as="td"
                            className="navds-table__data-cell"
                            size="medium"
                          >
                            <td
                              className="navds-table__data-cell navds-body-short"
                            >
                              <ForwardRef>
                                <p
                                  className="navds-body-long"
                                >
                                  03/02/2020
                                </p>
                              </ForwardRef>
                            </td>
                          </ForwardRef>
                        </ForwardRef>
                        <ForwardRef
                          className=""
                          key="03-column-object"
                        >
                          <ForwardRef
                            as="td"
                            className="navds-table__data-cell"
                            size="medium"
                          >
                            <td
                              className="navds-table__data-cell navds-body-short"
                            >
                              <span>
                                Object 03
                              </span>
                            </td>
                          </ForwardRef>
                        </ForwardRef>
                      </tr>
                    </ForwardRef>
                    <ForwardRef
                      aria-selected={false}
                      className="slideAnimate clickable"
                      id="tabell-test__row-04"
                      key="04_sort_none"
                      onClick={[Function]}
                      style={
                        Object {
                          "animationDelay": "0.03s",
                        }
                      }
                    >
                      <tr
                        aria-selected={false}
                        className="navds-table__row slideAnimate clickable"
                        id="tabell-test__row-04"
                        onClick={[Function]}
                        style={
                          Object {
                            "animationDelay": "0.03s",
                          }
                        }
                      >
                        <ForwardRef
                          style={
                            Object {
                              "verticalAlign": "middle",
                            }
                          }
                          title="Velg 04"
                        >
                          <ForwardRef
                            as="td"
                            className="navds-table__data-cell"
                            size="medium"
                            style={
                              Object {
                                "verticalAlign": "middle",
                              }
                            }
                            title="Velg 04"
                          >
                            <td
                              className="navds-table__data-cell navds-body-short"
                              style={
                                Object {
                                  "verticalAlign": "middle",
                                }
                              }
                              title="Velg 04"
                            >
                              <Styled(styled.div)>
                                <div
                                  className="c6 c7 c8 c9"
                                >
                                  <styled.div
                                    size="0.3"
                                  >
                                    <div
                                      className="c12 c13"
                                      size="0.3"
                                    />
                                  </styled.div>
                                  <ForwardRef
                                    checked={false}
                                    data-test-id="tabell-test__row-select-04"
                                    disabled={false}
                                    hideLabel={true}
                                    id="tabell-test__row-select-04"
                                    onChange={[Function]}
                                  >
                                    <div
                                      className="navds-checkbox navds-checkbox--medium"
                                    >
                                      <input
                                        aria-invalid={false}
                                        checked={false}
                                        className="navds-checkbox__input"
                                        data-test-id="tabell-test__row-select-04"
                                        disabled={false}
                                        id="tabell-test__row-select-04"
                                        onChange={[Function]}
                                        type="checkbox"
                                      />
                                      <label
                                        className="navds-checkbox__label"
                                        htmlFor="tabell-test__row-select-04"
                                      >
                                        <div
                                          className="navds-checkbox__content navds-sr-only"
                                        >
                                          <ForwardRef
                                            as="div"
                                            size="medium"
                                          >
                                            <div
                                              className="navds-body-short"
                                            />
                                          </ForwardRef>
                                        </div>
                                      </label>
                                    </div>
                                  </ForwardRef>
                                </div>
                              </Styled(styled.div)>
                            </td>
                          </ForwardRef>
                        </ForwardRef>
                        <ForwardRef
                          className=""
                          key="04-column-string"
                        >
                          <ForwardRef
                            as="td"
                            className="navds-table__data-cell"
                            size="medium"
                          >
                            <td
                              className="navds-table__data-cell navds-body-short"
                            >
                              <ForwardRef>
                                <p
                                  className="navds-body-long"
                                >
                                  String 04
                                </p>
                              </ForwardRef>
                            </td>
                          </ForwardRef>
                        </ForwardRef>
                        <ForwardRef
                          className=""
                          key="04-column-date"
                        >
                          <ForwardRef
                            as="td"
                            className="navds-table__data-cell"
                            size="medium"
                          >
                            <td
                              className="navds-table__data-cell navds-body-short"
                            >
                              <ForwardRef>
                                <p
                                  className="navds-body-long"
                                >
                                  04/02/2020
                                </p>
                              </ForwardRef>
                            </td>
                          </ForwardRef>
                        </ForwardRef>
                        <ForwardRef
                          className=""
                          key="04-column-object"
                        >
                          <ForwardRef
                            as="td"
                            className="navds-table__data-cell"
                            size="medium"
                          >
                            <td
                              className="navds-table__data-cell navds-body-short"
                            >
                              <span>
                                Object 04
                              </span>
                            </td>
                          </ForwardRef>
                        </ForwardRef>
                      </tr>
                    </ForwardRef>
                    <ForwardRef
                      aria-selected={false}
                      className="slideAnimate clickable"
                      id="tabell-test__row-05"
                      key="05_sort_none"
                      onClick={[Function]}
                      style={
                        Object {
                          "animationDelay": "0.04s",
                        }
                      }
                    >
                      <tr
                        aria-selected={false}
                        className="navds-table__row slideAnimate clickable"
                        id="tabell-test__row-05"
                        onClick={[Function]}
                        style={
                          Object {
                            "animationDelay": "0.04s",
                          }
                        }
                      >
                        <ForwardRef
                          style={
                            Object {
                              "verticalAlign": "middle",
                            }
                          }
                          title="Velg 05"
                        >
                          <ForwardRef
                            as="td"
                            className="navds-table__data-cell"
                            size="medium"
                            style={
                              Object {
                                "verticalAlign": "middle",
                              }
                            }
                            title="Velg 05"
                          >
                            <td
                              className="navds-table__data-cell navds-body-short"
                              style={
                                Object {
                                  "verticalAlign": "middle",
                                }
                              }
                              title="Velg 05"
                            >
                              <Styled(styled.div)>
                                <div
                                  className="c6 c7 c8 c9"
                                >
                                  <styled.div
                                    size="0.3"
                                  >
                                    <div
                                      className="c12 c13"
                                      size="0.3"
                                    />
                                  </styled.div>
                                  <ForwardRef
                                    checked={false}
                                    data-test-id="tabell-test__row-select-05"
                                    disabled={false}
                                    hideLabel={true}
                                    id="tabell-test__row-select-05"
                                    onChange={[Function]}
                                  >
                                    <div
                                      className="navds-checkbox navds-checkbox--medium"
                                    >
                                      <input
                                        aria-invalid={false}
                                        checked={false}
                                        className="navds-checkbox__input"
                                        data-test-id="tabell-test__row-select-05"
                                        disabled={false}
                                        id="tabell-test__row-select-05"
                                        onChange={[Function]}
                                        type="checkbox"
                                      />
                                      <label
                                        className="navds-checkbox__label"
                                        htmlFor="tabell-test__row-select-05"
                                      >
                                        <div
                                          className="navds-checkbox__content navds-sr-only"
                                        >
                                          <ForwardRef
                                            as="div"
                                            size="medium"
                                          >
                                            <div
                                              className="navds-body-short"
                                            />
                                          </ForwardRef>
                                        </div>
                                      </label>
                                    </div>
                                  </ForwardRef>
                                </div>
                              </Styled(styled.div)>
                            </td>
                          </ForwardRef>
                        </ForwardRef>
                        <ForwardRef
                          className=""
                          key="05-column-string"
                        >
                          <ForwardRef
                            as="td"
                            className="navds-table__data-cell"
                            size="medium"
                          >
                            <td
                              className="navds-table__data-cell navds-body-short"
                            >
                              <ForwardRef>
                                <p
                                  className="navds-body-long"
                                >
                                  String 05
                                </p>
                              </ForwardRef>
                            </td>
                          </ForwardRef>
                        </ForwardRef>
                        <ForwardRef
                          className=""
                          key="05-column-date"
                        >
                          <ForwardRef
                            as="td"
                            className="navds-table__data-cell"
                            size="medium"
                          >
                            <td
                              className="navds-table__data-cell navds-body-short"
                            >
                              <ForwardRef>
                                <p
                                  className="navds-body-long"
                                >
                                  05/02/2020
                                </p>
                              </ForwardRef>
                            </td>
                          </ForwardRef>
                        </ForwardRef>
                        <ForwardRef
                          className=""
                          key="05-column-object"
                        >
                          <ForwardRef
                            as="td"
                            className="navds-table__data-cell"
                            size="medium"
                          >
                            <td
                              className="navds-table__data-cell navds-body-short"
                            >
                              <span>
                                Object 05
                              </span>
                            </td>
                          </ForwardRef>
                        </ForwardRef>
                      </tr>
                    </ForwardRef>
                  </tbody>
                </ForwardRef>
              </table>
            </ForwardRef>
          </Styled(Component)>
          <Styled(Styled(styled.div))>
            <div
              className="c6 c7 c14 c8 c9 c15"
            >
              <div />
              <div />
              <v
                currentPage={1}
                itemsPerPage={5}
                numberOfItems={11}
                onChange={[Function]}
              >
                <Styled(styled.div)
                  className=""
                >
                  <div
                    className="c6 c7 c8 c9"
                  >
                    <ForwardRef
                      className="c-pagination__prev-button"
                      disabled={true}
                      key="prev"
                      onClick={[Function]}
                      size="small"
                      variant="tertiary"
                    >
                      <button
                        className="c-pagination__prev-button navds-button navds-button--tertiary navds-button--small"
                        disabled={true}
                        onClick={[Function]}
                        style={
                          Object {
                            "width": undefined,
                          }
                        }
                      >
                        <ForwardRef
                          aria-live="polite"
                          as="span"
                          className="navds-button__inner"
                          size="small"
                        >
                          <span
                            aria-live="polite"
                            className="navds-button__inner navds-body-short navds-body-short--small"
                          >
                            <ForwardRef(SvgBackFilled)>
                              <svg
                                fill="none"
                                focusable={false}
                                height="1em"
                                role="img"
                                viewBox="0 0 24 24"
                                width="1em"
                                xmlns="http://www.w3.org/2000/svg"
                              >
                                <path
                                  clipRule="evenodd"
                                  d="M6.5 11.5l8.571-9L17.5 5 11 11.5l6.5 6.5-2.429 2.5-8.571-9z"
                                  fill="currentColor"
                                  fillRule="evenodd"
                                />
                              </svg>
                            </ForwardRef(SvgBackFilled)>
                          </span>
                        </ForwardRef>
                      </button>
                    </ForwardRef>
                    <div
                      key="page_0"
                    >
                      <ForwardRef
                        className="c-pagination__page-button"
                        disabled={true}
                        onClick={[Function]}
                        size="small"
                        variant="tertiary"
                      >
                        <button
                          className="c-pagination__page-button navds-button navds-button--tertiary navds-button--small"
                          disabled={true}
                          onClick={[Function]}
                          style={
                            Object {
                              "width": undefined,
                            }
                          }
                        >
                          <ForwardRef
                            aria-live="polite"
                            as="span"
                            className="navds-button__inner"
                            size="small"
                          >
                            <span
                              aria-live="polite"
                              className="navds-button__inner navds-body-short navds-body-short--small"
                            >
                              1
                            </span>
                          </ForwardRef>
                        </button>
                      </ForwardRef>
                    </div>
                    <div
                      key="page_1"
                    >
                      <ForwardRef
                        className="c-pagination__page-button"
                        disabled={false}
                        onClick={[Function]}
                        size="small"
                        variant="tertiary"
                      >
                        <button
                          className="c-pagination__page-button navds-button navds-button--tertiary navds-button--small"
                          onClick={[Function]}
                          style={
                            Object {
                              "width": undefined,
                            }
                          }
                        >
                          <ForwardRef
                            aria-live="polite"
                            as="span"
                            className="navds-button__inner"
                            size="small"
                          >
                            <span
                              aria-live="polite"
                              className="navds-button__inner navds-body-short navds-body-short--small"
                            >
                              2
                            </span>
                          </ForwardRef>
                        </button>
                      </ForwardRef>
                    </div>
                    <div
                      key="page_2"
                    >
                      <ForwardRef
                        className="c-pagination__page-button"
                        disabled={false}
                        onClick={[Function]}
                        size="small"
                        variant="tertiary"
                      >
                        <button
                          className="c-pagination__page-button navds-button navds-button--tertiary navds-button--small"
                          onClick={[Function]}
                          style={
                            Object {
                              "width": undefined,
                            }
                          }
                        >
                          <ForwardRef
                            aria-live="polite"
                            as="span"
                            className="navds-button__inner"
                            size="small"
                          >
                            <span
                              aria-live="polite"
                              className="navds-button__inner navds-body-short navds-body-short--small"
                            >
                              3
                            </span>
                          </ForwardRef>
                        </button>
                      </ForwardRef>
                    </div>
                    <ForwardRef
                      className="c-pagination__next-button"
                      disabled={false}
                      key="next"
                      onClick={[Function]}
                      size="small"
                      variant="tertiary"
                    >
                      <button
                        className="c-pagination__next-button navds-button navds-button--tertiary navds-button--small"
                        onClick={[Function]}
                        style={
                          Object {
                            "width": undefined,
                          }
                        }
                      >
                        <ForwardRef
                          aria-live="polite"
                          as="span"
                          className="navds-button__inner"
                          size="small"
                        >
                          <span
                            aria-live="polite"
                            className="navds-button__inner navds-body-short navds-body-short--small"
                          >
                            <ForwardRef(SvgNextFilled)>
                              <svg
                                fill="none"
                                focusable={false}
                                height="1em"
                                role="img"
                                viewBox="0 0 24 24"
                                width="1em"
                                xmlns="http://www.w3.org/2000/svg"
                              >
                                <path
                                  clipRule="evenodd"
                                  d="M17.5 11.5l-8.571 9L6.5 18l6.5-6.5L6.5 5l2.429-2.5 8.571 9z"
                                  fill="currentColor"
                                  fillRule="evenodd"
                                />
                              </svg>
                            </ForwardRef(SvgNextFilled)>
                          </span>
                        </ForwardRef>
                      </button>
                    </ForwardRef>
                  </div>
                </Styled(styled.div)>
              </v>
            </div>
          </Styled(Styled(styled.div))>
        </div>
      </styled.div>
    </div>
  </styled.div>
</TableFC>
`;
