// Jest Snapshot v1, https://goo.gl/fbAQLP

exports[`Table Renders 1`] = `
.c11 .checkboks:hover + .skjemaelement__label {
  color: #0067c5 !important;
}

.c11 .skjemaelement__input:focus {
  outline: 0;
  box-shadow: 0 0 0 3px #00347d !important;
}

.c11 .checkboks:hover + .skjemaelement__label::before {
  border-color: #0067c5 !important;
  background-color: #cce1ff;
}

.c11 .checkboks:disabled + .skjemaelement__label {
  color: #a0a0a0 !important;
}

.c11 .checkboks:disabled + .skjemaelement__label::before {
  background-color: #f1f1f1 !important;
  border-color: #6a6a6a !important;
}

.c11 .checkboks:focus + .skjemaelement__label::before {
  box-shadow: 0 0 0 3px #00347d !important;
}

.c11 .checkboks:checked:disabled + .skjemaelement__label::before {
  border-color: #a0a0a0;
  background-color: #6a6a6a !important;
}

.c11 .checkboks:checked:focus + .skjemaelement__label::before {
  background-color: #FFFFFF !important;
}

.c11 .checkboks:checked + .skjemaelement__label::before {
  border-color: #0067c5 !important;
  border-width: 2px;
  background-color: #0067c5 !important;
}

.c11 .checkboks + .skjemaelement__label::before {
  background-color: #f1f1f1 !important;
}

.c11 .skjemaelement__input {
  border-size: 1px !important;
}

.c11 .checkboks:checked + .skjemaelement__label::before {
  background-image: url(data:image/svg+xml;base64,PHN2ZyB4bWxucz0iaHR0cDovL3d3dy53My5vcmcvMjAwMC9zdmciIHZpZXdCb3g9IjAgMCAxMyAxMCI+ICAgIDxnPiAgICA8cGF0aCBmaWxsPSIjMDA2N0M1IiBkPSJNNCwxMGMtMC40LDAtMC44LTAuMS0xLjEtMC40TDAuNCw3LjFDMC4xLDYuOCwwLDYuNCwwLDZzMC4yLTAuOCwwLjUtMS4xQzEsNC40LDIsNC40LDIuNSw0LjlMNCw2LjRsNi40LTYgICAgQzEwLjgsMC4xLDExLjEsMCwxMS41LDBjMC40LDAsMC44LDAuMiwxLDAuNWMwLjYsMC42LDAuNSwxLjYtMC4xLDIuMXYwTDUsOS42QzQuNyw5LjksNC40LDEwLDQsMTB6IE0xMS44LDEuOUwxMS44LDEuOSAgICBDMTEuOCwxLjksMTEuOCwxLjksMTEuOCwxLjl6IE0xMS4yLDEuMUMxMS4yLDEuMSwxMS4yLDEuMSwxMS4yLDEuMUwxMS4yLDEuMXoiLz4gICAgPC9nPjwvc3ZnPg==) !important;
  background-color: #f1f1f1 !important;
}

tabell.g1[id="c10"] {
  content: "c11,";
}

.c8 {
  -webkit-flex: 0 1 auto;
  -ms-flex: 0 1 auto;
  flex: 0 1 auto;
  display: -webkit-box;
  display: -webkit-flex;
  display: -ms-flexbox;
  display: flex;
  -webkit-flex-direction: row;
  -ms-flex-direction: row;
  flex-direction: row;
}

tabell.g33[id="c6"] {
  content: "c8,";
}

.c9 {
  -webkit-align-items: center;
  -webkit-box-align: center;
  -ms-flex-align: center;
  align-items: center;
}

tabell.g36[id="c7"] {
  content: "c9,";
}

.c15 {
  -webkit-box-pack: justify;
  -webkit-justify-content: space-between;
  -ms-flex-pack: justify;
  justify-content: space-between;
}

tabell.g37[id="c14"] {
  content: "c15,";
}

.c21 {
  -webkit-transition: all 0.1s ease-in-out;
  transition: all 0.1s ease-in-out;
  color: #0067c5 !important;
  background-color: transparent;
}

.c21:hover:not(:disabled) {
  color: #0067c5 !important;
  border-color: #0067c5 !important;
}

.c21:focus {
  box-shadow: 0 0 0 3px #00347d !important;
}

.c21:disabled {
  color: #FFFFFF !important;
  background-color: #a0a0a0 !important;
  border-color: #a0a0a0 !important;
}

.c21:disabled svg {
  color: #FFFFFF !important;
}

.c21:disabled svg path {
  stroke: #FFFFFF !important;
}

.c21:disabled .knapp__spinner {
  border: 2px solid #FFFFFF !important;
  border-top-color: #6a6a6a !important;
  border-right-color: #6a6a6a !important;
}

.c21 .knapp__spinner {
  border: 2px solid #0067c5 !important;
  border-left-color: #99c3ff !important;
  border-bottom-color: #99c3ff !important;
}

.c21:not(:disabled) svg {
  color: #0067c5 !important;
}

.c21:not(:disabled) svg path {
  stroke: #0067c5 !important;
}

tabell.g52[id="c20"] {
  content: "c21,";
}

.c18 {
  -webkit-flex: 0 1 auto;
  -ms-flex: 0 1 auto;
  flex: 0 1 auto;
  display: -webkit-box;
  display: -webkit-flex;
  display: -ms-flexbox;
  display: flex;
  -webkit-flex-direction: row;
  -ms-flex-direction: row;
  flex-direction: row;
}

tabell.g81[id="c16"] {
  content: "c18,";
}

.c19 {
  -webkit-align-items: baseline;
  -webkit-box-align: baseline;
  -ms-flex-align: baseline;
  align-items: baseline;
}

tabell.g82[id="c17"] {
  content: "c19,";
}

.c1 {
  display: block !important;
}

.c1 * {
  font-size: inherit !important;
  line-height: inherit !important;
}

.c1 tr:not(:hover) div.tabell__buttons,
.c1 tr.tabell__tr--disabled div.tabell__buttons {
  visibility: hidden;
}

.c1.compact td,
.c1.compact th {
  padding: 0.35rem !important;
}

.c1.compact thead th button {
  white-space: break-spaces !important;
  margin: 0rem !important;
  padding: 0rem 0.2rem !important;
  width: 100% !important;
  display: contents;
  color: #0067c5;
}

.c1 tr.tabell__tr--valgt td {
  background: #cce1ff;
}

.c1 .tabell__edit {
  vertical-align: top;
}

.c1 .tabell__edit td p {
  line-height: 2rem !important;
}

.c1 thead th.noborder {
  border-bottom: none !important;
}

.c1 tbody.striped tr:nth-child(odd) {
  background: #f1f1f1;
}

.c1 tbody.striped tr:nth-child(even) {
  background: #FFFFFF;
}

.c1__subcell {
  display: -webkit-box;
  display: -webkit-flex;
  display: -ms-flexbox;
  display: flex;
  padding: 0.25rem 0.5rem 0.25rem 0.5rem;
}

.c1___seefilters-icon {
  cursor: pointer;
}

.c1__pagination {
  -webkit-box-pack: end;
  -webkit-justify-content: flex-end;
  -ms-flex-pack: end;
  justify-content: flex-end;
}

.c1 .header {
  cursor: pointer;
}

.c1 tr.slideAnimate {
  opacity: 0;
  -webkit-transform: translateX(-20px);
  -ms-transform: translateX(-20px);
  transform: translateX(-20px);
  -webkit-animation: fSLHgq 0.2s forwards;
  animation: fSLHgq 0.2s forwards;
}

.c1 tbody tr:hover:not(.tabell__tr--disabled) td {
  background: #99c3ff !important;
}

.c1 .tabell__tr--disabled {
  background: #a0a0a0 !important;
  color: #6a6a6a !important;
}

.c1 .tabell__tr--disabled * {
  color: #6a6a6a !important;
}

tabell.g97[id="c0"] {
  content: "c1,";
}

.c3 {
  position: relative;
}

tabell.g98[id="c2"] {
  content: "c3,";
}

.c5 {
  width: 100%;
}

tabell.g100[id="c4"] {
  content: "c5,";
}

.c13 {
  margin-left: 0.5rem;
  cursor: pointer;
}

tabell.g101[id="c12"] {
  content: "c13,";
}

<Table
  animatable={true}
  columns={
    Array [
      Object {
        "id": "string",
        "label": "ui:string",
        "type": "string",
      },
      Object {
        "id": "date",
        "label": "ui:date",
        "type": "date",
      },
      Object {
        "id": "object",
        "label": "ui:variant",
        "needle": [Function],
        "renderCell": [Function],
        "type": "object",
      },
    ]
  }
  id="test"
  items={
    Array [
      Object {
        "date": 2020-01-31T23:00:00.000Z,
        "key": "01",
        "object": Object {
          "label": "Object 01",
        },
        "string": "String 01",
        "visible": true,
      },
      Object {
        "date": 2020-02-01T23:00:00.000Z,
        "key": "02",
        "object": Object {
          "label": "Object 02",
        },
        "string": "String 02",
        "visible": true,
      },
      Object {
        "date": 2020-02-02T23:00:00.000Z,
        "key": "03",
        "object": Object {
          "label": "Object 03",
        },
        "string": "String 03",
        "visible": true,
      },
      Object {
        "date": 2020-02-03T23:00:00.000Z,
        "key": "04",
        "object": Object {
          "label": "Object 04",
        },
        "string": "String 04",
        "visible": true,
      },
      Object {
        "date": 2020-02-04T23:00:00.000Z,
        "key": "05",
        "object": Object {
          "label": "Object 05",
        },
        "string": "String 05",
        "visible": true,
      },
      Object {
        "date": 2020-02-05T23:00:00.000Z,
        "key": "06",
        "object": Object {
          "label": "Object 06",
        },
        "string": "String 06",
        "visible": true,
      },
      Object {
        "date": 2020-02-06T23:00:00.000Z,
        "key": "07",
        "object": Object {
          "label": "Object 07",
        },
        "string": "String 07",
        "visible": true,
      },
      Object {
        "date": 2020-02-07T23:00:00.000Z,
        "key": "08",
        "object": Object {
          "label": "Object 08",
        },
        "string": "String 08",
        "visible": true,
      },
      Object {
        "date": 2020-02-08T23:00:00.000Z,
        "key": "09",
        "object": Object {
          "label": "Object 09",
        },
        "string": "String 09",
        "visible": true,
      },
      Object {
        "date": 2020-02-09T23:00:00.000Z,
        "key": "10",
        "object": Object {
          "label": "Object 10",
        },
        "string": "String 10",
        "visible": true,
      },
      Object {
        "date": 2020-02-10T23:00:00.000Z,
        "key": "11",
        "object": Object {
          "label": "Object 11",
        },
        "string": "String 11",
        "visible": true,
      },
    ]
  }
  itemsPerPage={5}
  labels={
    Object {
      "string 01": "Tooltip for string 01",
      "string 02": "Tooltip for string 02",
      "string 03": "Tooltip for string 03",
      "string 04": "Tooltip for string 04",
      "string 05": "Tooltip for string 05",
      "string 06": "Tooltip for string 06",
      "string 07": "Tooltip for string 07",
      "string 08": "Tooltip for string 08",
      "string 09": "Tooltip for string 09",
      "string 10": "Tooltip for string 10",
      "string 11": "Tooltip for string 11",
    }
  }
  loading={false}
  onRowSelectChange={[MockFunction]}
  pagination={true}
  searchable={true}
  selectable={true}
  sortable={true}
>
  <he
    highContrast={false}
  >
    <Component
      theme={
        Object {
          "alternative-background-color": "#FFFFFF",
          "alternative-hover-color": "#cce1ff",
          "alternative-interactive-color": "#0074df",
          "black": "#000000",
          "border-radius-base": "4px",
          "border-radius-large": "6px",
          "border-radius-small": "2px",
          "container-desktop": "(940px + @grid-gutter-width)",
          "container-large-desktop": "(1140px + @grid-gutter-width)",
          "container-lg": "(1140px + @grid-gutter-width)",
          "container-md": "(940px + @grid-gutter-width)",
          "container-sm": "(720px + @grid-gutter-width)",
          "container-tablet": "(720px + @grid-gutter-width)",
          "fokusFarge": "#00347d",
          "grayBackground": "#f1f1f1",
          "grayIcon": "#a0a0a0",
          "grayInactive": "#6a6a6a",
          "grayModia": "#333333",
          "grid-columns": "12",
          "grid-float-breakpoint": "768px",
          "grid-float-breakpoint-max": "(@grid-float-breakpoint - 1)",
          "grid-gutter-width": "16px",
          "inverted-font-color": "#FFFFFF",
          "line-height-large": "1.3333333",
          "line-height-small": "1.5",
          "main-active-color": "#005b82",
          "main-background-color": "#f1f1f1",
          "main-border-color": "#6a6a6a",
          "main-border-radius": "4px",
          "main-border-width": "1px",
          "main-disabled-color": "#a0a0a0",
          "main-error-color": "#ba3a26",
          "main-focus-color": "#00347d",
          "main-font-color": "#262626",
          "main-hover-color": "#99c3ff",
          "main-interactive-color": "#0067c5",
          "main-success-color": "#06893a",
          "main-warning-color": "#ff9100",
          "navBakgrunn": "#ffffff",
          "navBla": "#0067c5",
          "navBlaDarken20": "#0056b4",
          "navBlaDarken40": "#00459c",
          "navBlaDarken60": "#00347d",
          "navBlaDarken80": "#002252",
          "navBlaLighten20": "#3386e0",
          "navBlaLighten40": "#66a5f4",
          "navBlaLighten60": "#99c3ff",
          "navBlaLighten80": "#cce1ff",
          "navDypBla": "#005b82",
          "navDypBlaDarken20": "#005077",
          "navDypBlaDarken40": "#004367",
          "navDypBlaDarken60": "#003453",
          "navDypBlaDarken80": "#00243a",
          "navDypBlaLighten20": "#3380a5",
          "navDypBlaLighten40": "#66a3c4",
          "navDypBlaLighten60": "#99c4dd",
          "navDypBlaLighten80": "#cce2f0",
          "navGra20": "#c9c9c9",
          "navGra40": "#a0a0a0",
          "navGra60": "#6a6a6a",
          "navGra80": "#4f4f4f",
          "navGraBakgrunn": "#f1f1f1",
          "navGronn": "#06893a",
          "navGronnDarken20": "#007c2e",
          "navGronnDarken40": "#006a23",
          "navGronnDarken60": "#005519",
          "navGronnDarken80": "#003b0f",
          "navGronnLighten20": "#33aa5f",
          "navGronnLighten40": "#66c786",
          "navGronnLighten60": "#99dead",
          "navGronnLighten80": "#ccf1d6",
          "navLilla": "#634689",
          "navLillaDarken20": "#523874",
          "navLillaDarken40": "#412b5d",
          "navLillaDarken60": "#301f46",
          "navLillaDarken80": "#1f142f",
          "navLillaLighten20": "#8269a2",
          "navLillaLighten40": "#a18dbb",
          "navLillaLighten60": "#c0b2d2",
          "navLillaLighten80": "#e0d8e9",
          "navLimeGronn": "#a2ad00",
          "navLimeGronnDarken20": "#939e00",
          "navLimeGronnDarken40": "#7f8900",
          "navLimeGronnDarken60": "#666e00",
          "navLimeGronnDarken80": "#474e00",
          "navLimeGronnLighten20": "#c1cb33",
          "navLimeGronnLighten40": "#d9e366",
          "navLimeGronnLighten60": "#ecf399",
          "navLimeGronnLighten80": "#f9fccc",
          "navLysBla": "#66cbec",
          "navLysBlaDarken20": "#4cadcd",
          "navLysBlaDarken40": "#368da8",
          "navLysBlaDarken60": "#236b7d",
          "navLysBlaDarken80": "#134852",
          "navLysBlaLighten20": "#7cdaf8",
          "navLysBlaLighten40": "#97e6ff",
          "navLysBlaLighten60": "#b5f1ff",
          "navLysBlaLighten80": "#d8f9ff",
          "navLysGra": "#f1f1f1",
          "navMorkGra": "#262626",
          "navOransje": "#ff9100",
          "navOransjeDarken20": "#d47b00",
          "navOransjeDarken40": "#a86400",
          "navOransjeDarken60": "#7d4c00",
          "navOransjeDarken80": "#523300",
          "navOransjeLighten20": "#ffaa33",
          "navOransjeLighten40": "#ffc166",
          "navOransjeLighten60": "#ffd799",
          "navOransjeLighten80": "#ffeccc",
          "navRod": "#c30000",
          "padding-base-horizontal": "12px",
          "padding-base-vertical": "6px",
          "padding-large-horizontal": "16px",
          "padding-large-vertical": "10px",
          "padding-small-horizontal": "10px",
          "padding-small-vertical": "5px",
          "padding-xs-horizontal": "5px",
          "padding-xs-vertical": "1px",
          "pinkErrorBg": "#f3e3e3",
          "redError": "#ba3a26",
          "redErrorDarken20": "#a32a17",
          "redErrorDarken40": "#881d0c",
          "redErrorDarken60": "#6a1204",
          "redErrorDarken80": "#480900",
          "redErrorLighten20": "#d05c4a",
          "redErrorLighten40": "#e18071",
          "redErrorLighten60": "#efa89d",
          "redErrorLighten80": "#f9d2cc",
          "screen-desktop": "992px",
          "screen-lg": "1200px",
          "screen-lg-desktop": "1200px",
          "screen-lg-min": "1200px",
          "screen-md": "992px",
          "screen-md-max": "(@screen-lg-min - 1)",
          "screen-md-min": "992px",
          "screen-sm": "768px",
          "screen-sm-max": "(@screen-md-min - 1)",
          "screen-sm-min": "768px",
          "screen-tablet": "768px",
          "screen-xs-max": "(@screen-sm-min - 1)",
          "type": "theme",
          "white": "#FFFFFF",
        }
      }
    >
      <styled.div
        className="tabell"
      >
        <div
          className="c0 c1 tabell"
        >
          <styled.div>
            <div
              className="c2 c3"
            >
              <styled.table
                cellSpacing="0"
                className="tabell__table"
              >
                <table
                  cellSpacing="0"
                  className="c4 c5 tabell__table"
                >
                  <thead>
                    <tr
                      className="tabell__header"
                    >
                      <th
                        style={
                          Object {
                            "width": 1,
                          }
                        }
                      >
                        <Styled(styled.div)>
                          <div
                            className="c6 c7 c8 c9"
                          >
                            <Styled(h)
                              checked={false}
                              className="tabell__checkAll-checkbox"
                              id="tabell__checkAll-checkbox-id-test"
                              label="Velg alle"
                              onChange={[Function]}
                            >
                              <h
                                checked={false}
                                className="c10 c11 tabell__checkAll-checkbox"
                                id="tabell__checkAll-checkbox-id-test"
                                label="Velg alle"
                                onChange={[Function]}
                              >
                                <div
                                  className="skjemaelement c10 c11 tabell__checkAll-checkbox"
                                >
                                  <input
                                    aria-invalid={false}
                                    checked={false}
                                    className="skjemaelement__input checkboks"
                                    id="tabell__checkAll-checkbox-id-test"
                                    onChange={[Function]}
                                    type="checkbox"
                                  />
                                  <label
                                    className="skjemaelement__label"
                                    htmlFor="tabell__checkAll-checkbox-id-test"
                                  >
                                    Velg alle
                                  </label>
                                </div>
                              </h>
                            </Styled(h)>
                            <styled.div
                              aria-pressed={false}
                              role="button"
                            >
                              <div
                                aria-pressed={false}
                                className="c12 c13"
                                role="button"
                              >
                                <View
                                  className="tabell___seefilters-icon"
                                  id="tabell__seefilters-icon-id"
                                  onClick={[Function]}
                                >
                                  <svg
                                    className="tabell___seefilters-icon"
                                    enableBackground="new 0 0 24 24"
                                    height={24}
                                    id="tabell__seefilters-icon-id"
                                    onClick={[Function]}
                                    version="1.1"
                                    viewBox="0 0 24 24"
                                    width={24}
                                    x="0px"
                                    xmlSpace="preserve"
                                    xmlns="http://www.w3.org/2000/svg"
                                    xmlnsXlink="http://www.w3.org/1999/xlink"
                                    y="0px"
                                  >
                                    <title />
                                    <g>
                                      <path
                                        d="M11.999,17.306c0-2.823,2.217-5.131,5-5.29V5.5c0-0.133-0.053-0.26-0.146-0.354l-5-5C11.759,0.053,11.632,0,11.499,0h-11 c-0.275,0-0.5,0.224-0.5,0.5v21c0,0.276,0.225,0.5,0.5,0.5h14.342C13.154,21.11,11.999,19.341,11.999,17.306z M11.499,0.5l5,5h-5 V0.5z"
                                      />
                                      <path
                                        d="M23.853,23.146l-2.461-2.461l-0.713-0.714c0.581-0.734,0.932-1.659,0.932-2.666c0-2.374-1.932-4.306-4.305-4.306 c-2.375,0-4.307,1.932-4.307,4.306s1.932,4.305,4.307,4.305c1.007,0,1.932-0.35,2.666-0.932l0.713,0.713l2.461,2.462 C23.243,23.951,23.372,24,23.499,24c0.129,0,0.256-0.049,0.354-0.146C24.048,23.659,24.048,23.342,23.853,23.146z M17.306,20.61 c-1.823,0-3.307-1.482-3.307-3.305c0-1.823,1.483-3.306,3.307-3.306c1.822,0,3.305,1.482,3.305,3.306 C20.61,19.128,19.128,20.61,17.306,20.61z"
                                      />
                                    </g>
                                  </svg>
                                </View>
                              </div>
                            </styled.div>
                          </div>
                        </Styled(styled.div)>
                      </th>
                      <th
                        aria-sort="none"
                        className="header"
                        key="th-string"
                        role="columnheader"
                      >
                        <button
                          onClick={[Function]}
                        >
                          ui:string
                        </button>
                      </th>
                      <th
                        aria-sort="none"
                        className="header"
                        key="th-date"
                        role="columnheader"
                      >
                        <button
                          onClick={[Function]}
                        >
                          ui:date
                        </button>
                      </th>
                      <th
                        aria-sort="none"
                        className="header"
                        key="th-object"
                        role="columnheader"
                      >
                        <button
                          onClick={[Function]}
                        >
                          ui:variant
                        </button>
                      </th>
                    </tr>
                  </thead>
                  <tbody
                    className="striped"
                  >
                    <tr
                      aria-selected={false}
                      className="slideAnimate"
                      id="tabell-test__row-01"
                      key="01"
                      style={
                        Object {
                          "animationDelay": "0s",
                        }
                      }
                    >
                      <td>
                        <Styled(styled.div)>
                          <div
                            className="c6 c7 c8 c9"
                          >
                            <Styled(h)
                              checked={false}
                              data-test-id="tabell-test__row-select-checkbox-01"
                              disabled={false}
                              id="tabell-test__row-select-checkbox-01"
                              label="Velg01"
                              onChange={[Function]}
                            >
                              <h
                                checked={false}
                                className="c10 c11"
                                data-test-id="tabell-test__row-select-checkbox-01"
                                disabled={false}
                                id="tabell-test__row-select-checkbox-01"
                                label="Velg01"
                                onChange={[Function]}
                              >
                                <div
                                  className="skjemaelement c10 c11"
                                >
                                  <input
                                    aria-invalid={false}
                                    checked={false}
                                    className="skjemaelement__input checkboks"
                                    data-test-id="tabell-test__row-select-checkbox-01"
                                    disabled={false}
                                    id="tabell-test__row-select-checkbox-01"
                                    onChange={[Function]}
                                    type="checkbox"
                                  />
                                  <label
                                    className="skjemaelement__label"
                                    htmlFor="tabell-test__row-select-checkbox-01"
                                  >
                                    Velg01
                                  </label>
                                </div>
                              </h>
                            </Styled(h)>
                          </div>
                        </Styled(styled.div)>
                      </td>
                      <td
                        className=""
                        key="01-column-string"
                      >
                        <Normaltekst>
                          <TypografiBase
                            type="normaltekst"
                          >
                            <p
                              className="typo-normal"
                            >
                              <span>
                                String 01
                              </span>
                            </p>
                          </TypografiBase>
                        </Normaltekst>
                      </td>
                      <td
                        className=""
                        key="01-column-date"
                      >
                        <Normaltekst>
                          <TypografiBase
                            type="normaltekst"
                          >
                            <p
                              className="typo-normal"
                            >
                              2/1/2020
                            </p>
                          </TypografiBase>
                        </Normaltekst>
                      </td>
                      <td
                        className=""
                        key="01-column-object"
                      >
                        <span>
                          Object 01
                        </span>
                      </td>
                    </tr>
                    <tr
                      aria-selected={false}
                      className="slideAnimate"
                      id="tabell-test__row-02"
                      key="02"
                      style={
                        Object {
                          "animationDelay": "0.02s",
                        }
                      }
                    >
                      <td>
                        <Styled(styled.div)>
                          <div
                            className="c6 c7 c8 c9"
                          >
                            <Styled(h)
                              checked={false}
                              data-test-id="tabell-test__row-select-checkbox-02"
                              disabled={false}
                              id="tabell-test__row-select-checkbox-02"
                              label="Velg02"
                              onChange={[Function]}
                            >
                              <h
                                checked={false}
                                className="c10 c11"
                                data-test-id="tabell-test__row-select-checkbox-02"
                                disabled={false}
                                id="tabell-test__row-select-checkbox-02"
                                label="Velg02"
                                onChange={[Function]}
                              >
                                <div
                                  className="skjemaelement c10 c11"
                                >
                                  <input
                                    aria-invalid={false}
                                    checked={false}
                                    className="skjemaelement__input checkboks"
                                    data-test-id="tabell-test__row-select-checkbox-02"
                                    disabled={false}
                                    id="tabell-test__row-select-checkbox-02"
                                    onChange={[Function]}
                                    type="checkbox"
                                  />
                                  <label
                                    className="skjemaelement__label"
                                    htmlFor="tabell-test__row-select-checkbox-02"
                                  >
                                    Velg02
                                  </label>
                                </div>
                              </h>
                            </Styled(h)>
                          </div>
                        </Styled(styled.div)>
                      </td>
                      <td
                        className=""
                        key="02-column-string"
                      >
                        <Normaltekst>
                          <TypografiBase
                            type="normaltekst"
                          >
                            <p
                              className="typo-normal"
                            >
                              <span>
                                String 02
                              </span>
                            </p>
                          </TypografiBase>
                        </Normaltekst>
                      </td>
                      <td
                        className=""
                        key="02-column-date"
                      >
                        <Normaltekst>
                          <TypografiBase
                            type="normaltekst"
                          >
                            <p
                              className="typo-normal"
                            >
                              2/2/2020
                            </p>
                          </TypografiBase>
                        </Normaltekst>
                      </td>
                      <td
                        className=""
                        key="02-column-object"
                      >
                        <span>
                          Object 02
                        </span>
                      </td>
                    </tr>
                    <tr
                      aria-selected={false}
                      className="slideAnimate"
                      id="tabell-test__row-03"
                      key="03"
                      style={
                        Object {
                          "animationDelay": "0.04s",
                        }
                      }
                    >
                      <td>
                        <Styled(styled.div)>
                          <div
                            className="c6 c7 c8 c9"
                          >
                            <Styled(h)
                              checked={false}
                              data-test-id="tabell-test__row-select-checkbox-03"
                              disabled={false}
                              id="tabell-test__row-select-checkbox-03"
                              label="Velg03"
                              onChange={[Function]}
                            >
                              <h
                                checked={false}
                                className="c10 c11"
                                data-test-id="tabell-test__row-select-checkbox-03"
                                disabled={false}
                                id="tabell-test__row-select-checkbox-03"
                                label="Velg03"
                                onChange={[Function]}
                              >
                                <div
                                  className="skjemaelement c10 c11"
                                >
                                  <input
                                    aria-invalid={false}
                                    checked={false}
                                    className="skjemaelement__input checkboks"
                                    data-test-id="tabell-test__row-select-checkbox-03"
                                    disabled={false}
                                    id="tabell-test__row-select-checkbox-03"
                                    onChange={[Function]}
                                    type="checkbox"
                                  />
                                  <label
                                    className="skjemaelement__label"
                                    htmlFor="tabell-test__row-select-checkbox-03"
                                  >
                                    Velg03
                                  </label>
                                </div>
                              </h>
                            </Styled(h)>
                          </div>
                        </Styled(styled.div)>
                      </td>
                      <td
                        className=""
                        key="03-column-string"
                      >
                        <Normaltekst>
                          <TypografiBase
                            type="normaltekst"
                          >
                            <p
                              className="typo-normal"
                            >
                              <span>
                                String 03
                              </span>
                            </p>
                          </TypografiBase>
                        </Normaltekst>
                      </td>
                      <td
                        className=""
                        key="03-column-date"
                      >
                        <Normaltekst>
                          <TypografiBase
                            type="normaltekst"
                          >
                            <p
                              className="typo-normal"
                            >
                              2/3/2020
                            </p>
                          </TypografiBase>
                        </Normaltekst>
                      </td>
                      <td
                        className=""
                        key="03-column-object"
                      >
                        <span>
                          Object 03
                        </span>
                      </td>
                    </tr>
                    <tr
                      aria-selected={false}
                      className="slideAnimate"
                      id="tabell-test__row-04"
                      key="04"
                      style={
                        Object {
                          "animationDelay": "0.06s",
                        }
                      }
                    >
                      <td>
                        <Styled(styled.div)>
                          <div
                            className="c6 c7 c8 c9"
                          >
                            <Styled(h)
                              checked={false}
                              data-test-id="tabell-test__row-select-checkbox-04"
                              disabled={false}
                              id="tabell-test__row-select-checkbox-04"
                              label="Velg04"
                              onChange={[Function]}
                            >
                              <h
                                checked={false}
                                className="c10 c11"
                                data-test-id="tabell-test__row-select-checkbox-04"
                                disabled={false}
                                id="tabell-test__row-select-checkbox-04"
                                label="Velg04"
                                onChange={[Function]}
                              >
                                <div
                                  className="skjemaelement c10 c11"
                                >
                                  <input
                                    aria-invalid={false}
                                    checked={false}
                                    className="skjemaelement__input checkboks"
                                    data-test-id="tabell-test__row-select-checkbox-04"
                                    disabled={false}
                                    id="tabell-test__row-select-checkbox-04"
                                    onChange={[Function]}
                                    type="checkbox"
                                  />
                                  <label
                                    className="skjemaelement__label"
                                    htmlFor="tabell-test__row-select-checkbox-04"
                                  >
                                    Velg04
                                  </label>
                                </div>
                              </h>
                            </Styled(h)>
                          </div>
                        </Styled(styled.div)>
                      </td>
                      <td
                        className=""
                        key="04-column-string"
                      >
                        <Normaltekst>
                          <TypografiBase
                            type="normaltekst"
                          >
                            <p
                              className="typo-normal"
                            >
                              <span>
                                String 04
                              </span>
                            </p>
                          </TypografiBase>
                        </Normaltekst>
                      </td>
                      <td
                        className=""
                        key="04-column-date"
                      >
                        <Normaltekst>
                          <TypografiBase
                            type="normaltekst"
                          >
                            <p
                              className="typo-normal"
                            >
                              2/4/2020
                            </p>
                          </TypografiBase>
                        </Normaltekst>
                      </td>
                      <td
                        className=""
                        key="04-column-object"
                      >
                        <span>
                          Object 04
                        </span>
                      </td>
                    </tr>
                    <tr
                      aria-selected={false}
                      className="slideAnimate"
                      id="tabell-test__row-05"
                      key="05"
                      style={
                        Object {
                          "animationDelay": "0.08s",
                        }
                      }
                    >
                      <td>
                        <Styled(styled.div)>
                          <div
                            className="c6 c7 c8 c9"
                          >
                            <Styled(h)
                              checked={false}
                              data-test-id="tabell-test__row-select-checkbox-05"
                              disabled={false}
                              id="tabell-test__row-select-checkbox-05"
                              label="Velg05"
                              onChange={[Function]}
                            >
                              <h
                                checked={false}
                                className="c10 c11"
                                data-test-id="tabell-test__row-select-checkbox-05"
                                disabled={false}
                                id="tabell-test__row-select-checkbox-05"
                                label="Velg05"
                                onChange={[Function]}
                              >
                                <div
                                  className="skjemaelement c10 c11"
                                >
                                  <input
                                    aria-invalid={false}
                                    checked={false}
                                    className="skjemaelement__input checkboks"
                                    data-test-id="tabell-test__row-select-checkbox-05"
                                    disabled={false}
                                    id="tabell-test__row-select-checkbox-05"
                                    onChange={[Function]}
                                    type="checkbox"
                                  />
                                  <label
                                    className="skjemaelement__label"
                                    htmlFor="tabell-test__row-select-checkbox-05"
                                  >
                                    Velg05
                                  </label>
                                </div>
                              </h>
                            </Styled(h)>
                          </div>
                        </Styled(styled.div)>
                      </td>
                      <td
                        className=""
                        key="05-column-string"
                      >
                        <Normaltekst>
                          <TypografiBase
                            type="normaltekst"
                          >
                            <p
                              className="typo-normal"
                            >
                              <span>
                                String 05
                              </span>
                            </p>
                          </TypografiBase>
                        </Normaltekst>
                      </td>
                      <td
                        className=""
                        key="05-column-date"
                      >
                        <Normaltekst>
                          <TypografiBase
                            type="normaltekst"
                          >
                            <p
                              className="typo-normal"
                            >
                              2/5/2020
                            </p>
                          </TypografiBase>
                        </Normaltekst>
                      </td>
                      <td
                        className=""
                        key="05-column-object"
                      >
                        <span>
                          Object 05
                        </span>
                      </td>
                    </tr>
                  </tbody>
                </table>
              </styled.table>
              <Styled(Styled(styled.div))>
                <div
                  className="c6 c7 c14 c8 c9 c15"
                >
                  <div />
                  <div />
                  <m
                    currentPage={1}
                    highContrast={false}
                    itemsPerPage={5}
                    numberOfItems={11}
                    onChange={[Function]}
                  >
                    <Component
                      highContrast={false}
                    >
                      <Component
                        theme={
                          Object {
                            "alternative-background-color": "#FFFFFF",
                            "alternative-hover-color": "#cce1ff",
                            "alternative-interactive-color": "#0074df",
                            "black": "#000000",
                            "border-radius-base": "4px",
                            "border-radius-large": "6px",
                            "border-radius-small": "2px",
                            "container-desktop": "(940px + @grid-gutter-width)",
                            "container-large-desktop": "(1140px + @grid-gutter-width)",
                            "container-lg": "(1140px + @grid-gutter-width)",
                            "container-md": "(940px + @grid-gutter-width)",
                            "container-sm": "(720px + @grid-gutter-width)",
                            "container-tablet": "(720px + @grid-gutter-width)",
                            "fokusFarge": "#00347d",
                            "grayBackground": "#f1f1f1",
                            "grayIcon": "#a0a0a0",
                            "grayInactive": "#6a6a6a",
                            "grayModia": "#333333",
                            "grid-columns": "12",
                            "grid-float-breakpoint": "768px",
                            "grid-float-breakpoint-max": "(@grid-float-breakpoint - 1)",
                            "grid-gutter-width": "16px",
                            "inverted-font-color": "#FFFFFF",
                            "line-height-large": "1.3333333",
                            "line-height-small": "1.5",
                            "main-active-color": "#005b82",
                            "main-background-color": "#f1f1f1",
                            "main-border-color": "#6a6a6a",
                            "main-border-radius": "4px",
                            "main-border-width": "1px",
                            "main-disabled-color": "#a0a0a0",
                            "main-error-color": "#ba3a26",
                            "main-focus-color": "#00347d",
                            "main-font-color": "#262626",
                            "main-hover-color": "#99c3ff",
                            "main-interactive-color": "#0067c5",
                            "main-success-color": "#06893a",
                            "main-warning-color": "#ff9100",
                            "navBakgrunn": "#ffffff",
                            "navBla": "#0067c5",
                            "navBlaDarken20": "#0056b4",
                            "navBlaDarken40": "#00459c",
                            "navBlaDarken60": "#00347d",
                            "navBlaDarken80": "#002252",
                            "navBlaLighten20": "#3386e0",
                            "navBlaLighten40": "#66a5f4",
                            "navBlaLighten60": "#99c3ff",
                            "navBlaLighten80": "#cce1ff",
                            "navDypBla": "#005b82",
                            "navDypBlaDarken20": "#005077",
                            "navDypBlaDarken40": "#004367",
                            "navDypBlaDarken60": "#003453",
                            "navDypBlaDarken80": "#00243a",
                            "navDypBlaLighten20": "#3380a5",
                            "navDypBlaLighten40": "#66a3c4",
                            "navDypBlaLighten60": "#99c4dd",
                            "navDypBlaLighten80": "#cce2f0",
                            "navGra20": "#c9c9c9",
                            "navGra40": "#a0a0a0",
                            "navGra60": "#6a6a6a",
                            "navGra80": "#4f4f4f",
                            "navGraBakgrunn": "#f1f1f1",
                            "navGronn": "#06893a",
                            "navGronnDarken20": "#007c2e",
                            "navGronnDarken40": "#006a23",
                            "navGronnDarken60": "#005519",
                            "navGronnDarken80": "#003b0f",
                            "navGronnLighten20": "#33aa5f",
                            "navGronnLighten40": "#66c786",
                            "navGronnLighten60": "#99dead",
                            "navGronnLighten80": "#ccf1d6",
                            "navLilla": "#634689",
                            "navLillaDarken20": "#523874",
                            "navLillaDarken40": "#412b5d",
                            "navLillaDarken60": "#301f46",
                            "navLillaDarken80": "#1f142f",
                            "navLillaLighten20": "#8269a2",
                            "navLillaLighten40": "#a18dbb",
                            "navLillaLighten60": "#c0b2d2",
                            "navLillaLighten80": "#e0d8e9",
                            "navLimeGronn": "#a2ad00",
                            "navLimeGronnDarken20": "#939e00",
                            "navLimeGronnDarken40": "#7f8900",
                            "navLimeGronnDarken60": "#666e00",
                            "navLimeGronnDarken80": "#474e00",
                            "navLimeGronnLighten20": "#c1cb33",
                            "navLimeGronnLighten40": "#d9e366",
                            "navLimeGronnLighten60": "#ecf399",
                            "navLimeGronnLighten80": "#f9fccc",
                            "navLysBla": "#66cbec",
                            "navLysBlaDarken20": "#4cadcd",
                            "navLysBlaDarken40": "#368da8",
                            "navLysBlaDarken60": "#236b7d",
                            "navLysBlaDarken80": "#134852",
                            "navLysBlaLighten20": "#7cdaf8",
                            "navLysBlaLighten40": "#97e6ff",
                            "navLysBlaLighten60": "#b5f1ff",
                            "navLysBlaLighten80": "#d8f9ff",
                            "navLysGra": "#f1f1f1",
                            "navMorkGra": "#262626",
                            "navOransje": "#ff9100",
                            "navOransjeDarken20": "#d47b00",
                            "navOransjeDarken40": "#a86400",
                            "navOransjeDarken60": "#7d4c00",
                            "navOransjeDarken80": "#523300",
                            "navOransjeLighten20": "#ffaa33",
                            "navOransjeLighten40": "#ffc166",
                            "navOransjeLighten60": "#ffd799",
                            "navOransjeLighten80": "#ffeccc",
                            "navRod": "#c30000",
                            "padding-base-horizontal": "12px",
                            "padding-base-vertical": "6px",
                            "padding-large-horizontal": "16px",
                            "padding-large-vertical": "10px",
                            "padding-small-horizontal": "10px",
                            "padding-small-vertical": "5px",
                            "padding-xs-horizontal": "5px",
                            "padding-xs-vertical": "1px",
                            "pinkErrorBg": "#f3e3e3",
                            "redError": "#ba3a26",
                            "redErrorDarken20": "#a32a17",
                            "redErrorDarken40": "#881d0c",
                            "redErrorDarken60": "#6a1204",
                            "redErrorDarken80": "#480900",
                            "redErrorLighten20": "#d05c4a",
                            "redErrorLighten40": "#e18071",
                            "redErrorLighten60": "#efa89d",
                            "redErrorLighten80": "#f9d2cc",
                            "screen-desktop": "992px",
                            "screen-lg": "1200px",
                            "screen-lg-desktop": "1200px",
                            "screen-lg-min": "1200px",
                            "screen-md": "992px",
                            "screen-md-max": "(@screen-lg-min - 1)",
                            "screen-md-min": "992px",
                            "screen-sm": "768px",
                            "screen-sm-max": "(@screen-md-min - 1)",
                            "screen-sm-min": "768px",
                            "screen-tablet": "768px",
                            "screen-xs-max": "(@screen-sm-min - 1)",
                            "type": "theme",
                            "white": "#FFFFFF",
                          }
                        }
                      >
                        <Styled(styled.div)
                          className=""
                        >
                          <div
                            className="c16 c17 c18 c19"
                          >
                            <Styled(u)
                              className="c-pagination__prev-button"
                              disabled={true}
                              key="prev"
                              kompakt={true}
                              onClick={[Function]}
                            >
                              <u
                                className="c20 c21 c-pagination__prev-button"
                                disabled={true}
                                kompakt={true}
                                onClick={[Function]}
                              >
                                <p
                                  autoDisableVedSpinner={false}
                                  className="c20 c21 c-pagination__prev-button"
                                  disabled={true}
                                  htmlType="submit"
                                  inaktivKlasseVedDisabled={false}
                                  kompakt={true}
                                  mini={false}
                                  onClick={[Function]}
                                  spinner={false}
                                  type="flat"
                                >
                                  <button
                                    className="knapp c20 c21 c-pagination__prev-button knapp--flat knapp--disabled knapp--kompakt"
                                    disabled={true}
                                    onClick={[Function]}
                                    type="submit"
                                  >
                                    ◄
                                  </button>
                                </p>
                              </u>
                            </Styled(u)>
                            <div
                              key="page_0"
                            >
                              <Styled(u)
                                className="c-pagination__page-button"
                                disabled={true}
                                kompakt={true}
                                onClick={[Function]}
                              >
                                <u
                                  className="c20 c21 c-pagination__page-button"
                                  disabled={true}
                                  kompakt={true}
                                  onClick={[Function]}
                                >
                                  <p
                                    autoDisableVedSpinner={false}
                                    className="c20 c21 c-pagination__page-button"
                                    disabled={true}
                                    htmlType="submit"
                                    inaktivKlasseVedDisabled={false}
                                    kompakt={true}
                                    mini={false}
                                    onClick={[Function]}
                                    spinner={false}
                                    type="flat"
                                  >
                                    <button
                                      className="knapp c20 c21 c-pagination__page-button knapp--flat knapp--disabled knapp--kompakt"
                                      disabled={true}
                                      onClick={[Function]}
                                      type="submit"
                                    >
                                      1
                                    </button>
                                  </p>
                                </u>
                              </Styled(u)>
                            </div>
                            <div
                              key="page_1"
                            >
                              <Styled(u)
                                className="c-pagination__page-button"
                                disabled={false}
                                kompakt={true}
                                onClick={[Function]}
                              >
                                <u
                                  className="c20 c21 c-pagination__page-button"
                                  disabled={false}
                                  kompakt={true}
                                  onClick={[Function]}
                                >
                                  <p
                                    autoDisableVedSpinner={false}
                                    className="c20 c21 c-pagination__page-button"
                                    disabled={false}
                                    htmlType="submit"
                                    inaktivKlasseVedDisabled={false}
                                    kompakt={true}
                                    mini={false}
                                    onClick={[Function]}
                                    spinner={false}
                                    type="flat"
                                  >
                                    <button
                                      className="knapp c20 c21 c-pagination__page-button knapp--flat knapp--kompakt"
                                      disabled={false}
                                      onClick={[Function]}
                                      type="submit"
                                    >
                                      2
                                    </button>
                                  </p>
                                </u>
                              </Styled(u)>
                            </div>
                            <div
                              key="page_2"
                            >
                              <Styled(u)
                                className="c-pagination__page-button"
                                disabled={false}
                                kompakt={true}
                                onClick={[Function]}
                              >
                                <u
                                  className="c20 c21 c-pagination__page-button"
                                  disabled={false}
                                  kompakt={true}
                                  onClick={[Function]}
                                >
                                  <p
                                    autoDisableVedSpinner={false}
                                    className="c20 c21 c-pagination__page-button"
                                    disabled={false}
                                    htmlType="submit"
                                    inaktivKlasseVedDisabled={false}
                                    kompakt={true}
                                    mini={false}
                                    onClick={[Function]}
                                    spinner={false}
                                    type="flat"
                                  >
                                    <button
                                      className="knapp c20 c21 c-pagination__page-button knapp--flat knapp--kompakt"
                                      disabled={false}
                                      onClick={[Function]}
                                      type="submit"
                                    >
                                      3
                                    </button>
                                  </p>
                                </u>
                              </Styled(u)>
                            </div>
                            <Styled(u)
                              className="c-pagination__next-button"
                              disabled={false}
                              key="next"
                              kompakt={true}
                              onClick={[Function]}
                            >
                              <u
                                className="c20 c21 c-pagination__next-button"
                                disabled={false}
                                kompakt={true}
                                onClick={[Function]}
                              >
                                <p
                                  autoDisableVedSpinner={false}
                                  className="c20 c21 c-pagination__next-button"
                                  disabled={false}
                                  htmlType="submit"
                                  inaktivKlasseVedDisabled={false}
                                  kompakt={true}
                                  mini={false}
                                  onClick={[Function]}
                                  spinner={false}
                                  type="flat"
                                >
                                  <button
                                    className="knapp c20 c21 c-pagination__next-button knapp--flat knapp--kompakt"
                                    disabled={false}
                                    onClick={[Function]}
                                    type="submit"
                                  >
                                    ►
                                  </button>
                                </p>
                              </u>
                            </Styled(u)>
                          </div>
                        </Styled(styled.div)>
                      </Component>
                    </Component>
                  </m>
                </div>
              </Styled(Styled(styled.div))>
            </div>
          </styled.div>
        </div>
      </styled.div>
    </Component>
  </he>
</Table>
`;
