// Jest Snapshot v1, https://goo.gl/fbAQLP

exports[`TableSorter Renders 1`] = `
.c9 {
  display: -webkit-box;
  display: -webkit-flex;
  display: -ms-flexbox;
  display: flex;
  -webkit-align-items: center;
  -webkit-box-align: center;
  -ms-flex-align: center;
  align-items: center;
  font-size: inherit;
  line-height: inherit;
  color: #0067c5 !important;
}

.c9:focus {
  background-color: #19548a !important;
  color: #FFFFFF !important;
}

.c9 svg {
  fill: #0067c5 !important;
  stroke: #0067c5 !important;
}

.c9 svg path {
  stroke: #0067c5 !important;
}

.c9 svg:focus {
  fill: #FFFFFF !important;
  stroke: #FFFFFF !important;
}

tabell.g16[id="c8"] {
  content: "c9,";
}

.c15 {
  display: -webkit-box;
  display: -webkit-flex;
  display: -ms-flexbox;
  display: flex;
  -webkit-align-items: baseline;
  -webkit-box-align: baseline;
  -ms-flex-align: baseline;
  align-items: baseline;
}

tabell.g56[id="c14"] {
  content: "c15,";
}

.c17 {
  color: #0067c5;
  background-color: transparent;
}

.c17:hover:not(:disabled) {
  color: #0067c5;
  border-color: #0067c5;
}

.c17:disabled {
  background-color: #b7b1a9;
  color: #3e3832;
  border: none;
}

tabell.g57[id="c16"] {
  content: "c17,";
}

.c1 {
  display: block !important;
}

.c1 * {
  font-size: inherit;
  line-height: inherit;
}

.c1.compact td,
.c1.compact th {
  padding: 0.35rem !important;
}

.c1.compact th a {
  margin: 0rem !important;
  padding: 0rem !important;
  padding-right: 0.7rem !important;
}

.c1.compact th a:before,
.c1.compact th a:after {
  right: 0rem !important;
}

.c1.compact .c-tableSorter__filter .skjemaelement__input,
.c1.compact .c-tableSorter__edit .skjemaelement__input {
  padding: 0.25rem !important;
}

.c1 .c-tableSorter__edit {
  vertical-align: top;
}

.c1 thead th.noborder {
  border-bottom: none !important;
}

.c1 tbody.striped tr:nth-child(odd) {
  background: #f1f1f1;
}

.c1 tbody.striped tr:nth-child(even) {
  background: #FFFFFF;
}

.c1__subcell {
  display: -webkit-box;
  display: -webkit-flex;
  display: -ms-flexbox;
  display: flex;
  padding: 0.25rem 0.5rem 0.25rem 0.5rem;
}

.c1___seefilters-icon {
  cursor: pointer;
}

.c1__pagination {
  -webkit-box-pack: end;
  -webkit-justify-content: flex-end;
  -ms-flex-pack: end;
  justify-content: flex-end;
}

.c1 .header {
  cursor: pointer;
}

.c1 tr.slideAnimate {
  opacity: 0;
  -webkit-transform: translateX(-20px);
  -ms-transform: translateX(-20px);
  transform: translateX(-20px);
  -webkit-animation: fSLHgq 0.2s forwards;
  animation: fSLHgq 0.2s forwards;
}

.c1 .tabell__tr--disabled td {
  background: #b7b1a9 !important;
  color: #f1f1f1 !important;
}

.c1 .tabell__tr--disabled td * {
  color: #f1f1f1 !important;
}

tabell.g58[id="c0"] {
  content: "c1,";
}

.c3 {
  position: relative;
}

tabell.g59[id="c2"] {
  content: "c3,";
}

.c5 {
  width: 100%;
}

tabell.g61[id="c4"] {
  content: "c5,";
}

.c13 {
  display: -webkit-box;
  display: -webkit-flex;
  display: -ms-flexbox;
  display: flex;
  -webkit-flex-direction: row;
  -ms-flex-direction: row;
  flex-direction: row;
  -webkit-box-pack: justify;
  -webkit-justify-content: space-between;
  -ms-flex-pack: justify;
  justify-content: space-between;
  -webkit-align-items: center;
  -webkit-box-align: center;
  -ms-flex-align: center;
  align-items: center;
}

tabell.g62[id="c12"] {
  content: "c13,";
}

.c7 {
  margin-left: 0.5rem;
  cursor: pointer;
}

tabell.g63[id="c6"] {
  content: "c7,";
}

.c11 {
  display: -webkit-box;
  display: -webkit-flex;
  display: -ms-flexbox;
  display: flex;
  -webkit-align-items: center;
  -webkit-box-align: center;
  -ms-flex-align: center;
  align-items: center;
}

tabell.g64[id="c10"] {
  content: "c11,";
}

<TableSorter
  animatable={true}
  columns={
    Array [
      Object {
        "id": "string",
        "label": "ui:string",
        "type": "string",
      },
      Object {
        "id": "date",
        "label": "ui:date",
        "type": "date",
      },
      Object {
        "id": "object",
        "label": "ui:variant",
        "needle": [Function],
        "renderCell": [Function],
        "type": "object",
      },
    ]
  }
  id="test"
  items={
    Array [
      Object {
        "date": 2020-01-31T23:00:00.000Z,
        "key": "01",
        "object": Object {
          "label": "Object 01",
        },
        "string": "String 01",
        "visible": true,
      },
      Object {
        "date": 2020-02-01T23:00:00.000Z,
        "key": "02",
        "object": Object {
          "label": "Object 02",
        },
        "string": "String 02",
        "visible": true,
      },
      Object {
        "date": 2020-02-02T23:00:00.000Z,
        "key": "03",
        "object": Object {
          "label": "Object 03",
        },
        "string": "String 03",
        "visible": true,
      },
      Object {
        "date": 2020-02-03T23:00:00.000Z,
        "key": "04",
        "object": Object {
          "label": "Object 04",
        },
        "string": "String 04",
        "visible": true,
      },
      Object {
        "date": 2020-02-04T23:00:00.000Z,
        "key": "05",
        "object": Object {
          "label": "Object 05",
        },
        "string": "String 05",
        "visible": true,
      },
      Object {
        "date": 2020-02-05T23:00:00.000Z,
        "key": "06",
        "object": Object {
          "label": "Object 06",
        },
        "string": "String 06",
        "visible": true,
      },
      Object {
        "date": 2020-02-06T23:00:00.000Z,
        "key": "07",
        "object": Object {
          "label": "Object 07",
        },
        "string": "String 07",
        "visible": true,
      },
      Object {
        "date": 2020-02-07T23:00:00.000Z,
        "key": "08",
        "object": Object {
          "label": "Object 08",
        },
        "string": "String 08",
        "visible": true,
      },
      Object {
        "date": 2020-02-08T23:00:00.000Z,
        "key": "09",
        "object": Object {
          "label": "Object 09",
        },
        "string": "String 09",
        "visible": true,
      },
      Object {
        "date": 2020-02-09T23:00:00.000Z,
        "key": "10",
        "object": Object {
          "label": "Object 10",
        },
        "string": "String 10",
        "visible": true,
      },
      Object {
        "date": 2020-02-10T23:00:00.000Z,
        "key": "11",
        "object": Object {
          "label": "Object 11",
        },
        "string": "String 11",
        "visible": true,
      },
    ]
  }
  itemsPerPage={5}
  labels={
    Object {
      "string": Object {
        "string 01": "Tooltip for string 01",
        "string 02": "Tooltip for string 02",
        "string 03": "Tooltip for string 03",
        "string 04": "Tooltip for string 04",
        "string 05": "Tooltip for string 05",
        "string 06": "Tooltip for string 06",
        "string 07": "Tooltip for string 07",
        "string 08": "Tooltip for string 08",
        "string 09": "Tooltip for string 09",
        "string 10": "Tooltip for string 10",
        "string 11": "Tooltip for string 11",
      },
    }
  }
  loading={false}
  onRowSelectChange={[MockFunction]}
  pagination={true}
  searchable={true}
  selectable={true}
  sortable={true}
>
  <J
    highContrast={false}
  >
    <Component
      theme={
        Object {
          "alternative-background-color": "#FFFFFF",
          "alternative-hover-color": "#cce1f3",
          "black": "#000000",
          "border-radius-base": "4px",
          "border-radius-large": "6px",
          "border-radius-small": "2px",
          "container-desktop": "(940px + @grid-gutter-width)",
          "container-large-desktop": "(1140px + @grid-gutter-width)",
          "container-lg": "(1140px + @grid-gutter-width)",
          "container-md": "(940px + @grid-gutter-width)",
          "container-sm": "(720px + @grid-gutter-width)",
          "container-tablet": "(720px + @grid-gutter-width)",
          "fokusFarge": "#19548a",
          "grayBackground": "#e9e7e7",
          "grayIcon": "#b7b1a9",
          "grayInactive": "#78706a",
          "grayModia": "#333333",
          "grid-columns": "12",
          "grid-float-breakpoint": "768px",
          "grid-float-breakpoint-max": "(@grid-float-breakpoint - 1)",
          "grid-gutter-width": "16px",
          "inverted-font-color": "#FFFFFF",
          "line-height-large": "1.3333333",
          "line-height-small": "1.5",
          "main-active-color": "#005b82",
          "main-background-color": "#f1f1f1",
          "main-border-color": "#78706a",
          "main-border-radius": "4px",
          "main-border-width": "1px",
          "main-disabled-color": "#b7b1a9",
          "main-error-color": "#ba3a26",
          "main-focus-color": "#19548a",
          "main-font-color": "#3e3832",
          "main-hover-color": "#0074df",
          "main-interactive-color": "#0067c5",
          "main-success-color": "#06893a",
          "main-warning-color": "#ff9100",
          "navBakgrunn": "#ffffff",
          "navBla": "#0067c5",
          "navBlaDarken20": "#32414f",
          "navBlaDarken40": "#254b6d",
          "navBlaDarken60": "#19548a",
          "navBlaDarken80": "#0c5ea8",
          "navBlaLighten20": "#cce1f3",
          "navBlaLighten40": "#99c2e8",
          "navBlaLighten60": "#66a4dc",
          "navBlaLighten80": "#3385d1",
          "navDypBla": "#005b82",
          "navDypBlaDarken20": "#323f42",
          "navDypBlaDarken40": "#254652",
          "navDypBlaDarken60": "#194d62",
          "navDypBlaDarken80": "#0c5472",
          "navDypBlaLighten20": "#ccdee6",
          "navDypBlaLighten40": "#99bdcd",
          "navDypBlaLighten60": "#669db4",
          "navDypBlaLighten80": "#337c9b",
          "navGra20": "#c6c2bf",
          "navGra40": "#b7b1a9",
          "navGra60": "#78706a",
          "navGra80": "#59514b",
          "navGraBakgrunn": "#f1f1f1",
          "navGronn": "#06893a",
          "navGronnDarken20": "#334834",
          "navGronnDarken40": "#285835",
          "navGronnDarken60": "#1c6937",
          "navGronnDarken80": "#117938",
          "navGronnLighten20": "#cde7d8",
          "navGronnLighten40": "#9bd0b0",
          "navGronnLighten60": "#6ab889",
          "navGronnLighten80": "#38a161",
          "navLilla": "#634689",
          "navLillaDarken20": "#453b43",
          "navLillaDarken40": "#4d3e55",
          "navLillaDarken60": "#544066",
          "navLillaDarken80": "#5c4378",
          "navLillaLighten20": "#e0dae7",
          "navLillaLighten40": "#c1b5d0",
          "navLillaLighten60": "#a190b8",
          "navLillaLighten80": "#826ba1",
          "navLimeGronn": "#a2ad00",
          "navLimeGronnDarken20": "#524f28",
          "navLimeGronnDarken40": "#66671e",
          "navLimeGronnDarken60": "#7a7e14",
          "navLimeGronnDarken80": "#8e960a",
          "navLimeGronnLighten20": "#ecefcc",
          "navLimeGronnLighten40": "#dade99",
          "navLimeGronnLighten60": "#c7ce66",
          "navLimeGronnLighten80": "#b5bd33",
          "navLysBla": "#66cbec",
          "navLysBlaDarken20": "#465557",
          "navLysBlaDarken40": "#4e737c",
          "navLysBlaDarken60": "#5690a2",
          "navLysBlaDarken80": "#5eaec7",
          "navLysBlaLighten20": "#e0f5fb",
          "navLysBlaLighten40": "#c2eaf7",
          "navLysBlaLighten60": "#a3e0f4",
          "navLysBlaLighten80": "#85d5f0",
          "navLysGra": "#e9e7e7",
          "navMorkGra": "#3e3832",
          "navOransje": "#ff9100",
          "navOransjeDarken20": "#654a28",
          "navOransjeDarken40": "#8b5c1e",
          "navOransjeDarken60": "#b26d14",
          "navOransjeDarken80": "#d87f0a",
          "navOransjeLighten20": "#ffe9cc",
          "navOransjeLighten40": "#ffd399",
          "navOransjeLighten60": "#ffbd66",
          "navOransjeLighten80": "#ffa733",
          "navRod": "#c30000",
          "navRodDarken20": "#592d28",
          "navRodDarken40": "#73221e",
          "navRodDarken60": "#8e1614",
          "navRodDarken80": "#a80b0a",
          "navRodLighten20": "#f3cccc",
          "navRodLighten40": "#e79999",
          "navRodLighten60": "#db6666",
          "navRodLighten80": "#cf3333",
          "orangeFocus": "#ffbd66",
          "orangeFocusDarken20": "#65533c",
          "orangeFocusDarken40": "#8b6d47",
          "orangeFocusDarken60": "#b28851",
          "orangeFocusDarken80": "#d8a25c",
          "orangeFocusLighten20": "#fff2e0",
          "orangeFocusLighten40": "#ffe5c2",
          "orangeFocusLighten60": "#ffd7a3",
          "orangeFocusLighten80": "#ffca85",
          "padding-base-horizontal": "12px",
          "padding-base-vertical": "6px",
          "padding-large-horizontal": "16px",
          "padding-large-vertical": "10px",
          "padding-small-horizontal": "10px",
          "padding-small-vertical": "5px",
          "padding-xs-horizontal": "5px",
          "padding-xs-vertical": "1px",
          "pinkErrorBg": "#f3e3e3",
          "redError": "#ba3a26",
          "redErrorDarken20": "#573830",
          "redErrorDarken40": "#70392d",
          "redErrorDarken60": "#88392b",
          "redErrorDarken80": "#a13a28",
          "redErrorLighten20": "#f1d8d4",
          "redErrorLighten40": "#e3b0a8",
          "redErrorLighten60": "#d6897d",
          "redErrorLighten80": "#c86151",
          "screen-desktop": "992px",
          "screen-lg": "1200px",
          "screen-lg-desktop": "1200px",
          "screen-lg-min": "1200px",
          "screen-md": "992px",
          "screen-md-max": "(@screen-lg-min - 1)",
          "screen-md-min": "992px",
          "screen-sm": "768px",
          "screen-sm-max": "(@screen-md-min - 1)",
          "screen-sm-min": "768px",
          "screen-tablet": "768px",
          "screen-xs-max": "(@screen-sm-min - 1)",
          "type": "theme",
          "white": "#FFFFFF",
        }
      }
    >
      <styled.div
        className="tabell"
        key="83faec4280d060f0981395015c73b321"
      >
        <div
          className="c0 c1 tabell"
        >
          <styled.div>
            <div
              className="c2 c3"
            >
              <styled.table
                cellSpacing="0"
                className="c-tableSorter__table"
              >
                <table
                  cellSpacing="0"
                  className="c4 c5 c-tableSorter__table"
                >
                  <thead>
                    <tr
                      className="c-tableSorter__header"
                    >
                      <th
                        style={
                          Object {
                            "width": 1,
                          }
                        }
                      >
                        <div
                          style={
                            Object {
                              "alignItems": "center",
                              "display": "flex",
                            }
                          }
                        >
                          <Checkbox
                            checked={false}
                            className="c-tableSorter__checkAll-checkbox"
                            id="c-tableSorter__checkAll-checkbox-id-test"
                            label="Velg alle"
                            onChange={[Function]}
                          >
                            <div
                              className="skjemaelement c-tableSorter__checkAll-checkbox"
                            >
                              <input
                                aria-invalid={false}
                                checked={false}
                                className="skjemaelement__input checkboks"
                                id="c-tableSorter__checkAll-checkbox-id-test"
                                onChange={[Function]}
                                type="checkbox"
                              />
                              <label
                                className="skjemaelement__label"
                                htmlFor="c-tableSorter__checkAll-checkbox-id-test"
                              >
                                Velg alle
                              </label>
                            </div>
                          </Checkbox>
                          <styled.div>
                            <div
                              className="c6 c7"
                            >
                              <View
                                className="c-tableSorter___seefilters-icon"
                                id="c-tableSorter__seefilters-icon-id"
                                onClick={[Function]}
                              >
                                <svg
                                  className="c-tableSorter___seefilters-icon"
                                  enableBackground="new 0 0 24 24"
                                  height={24}
                                  id="c-tableSorter__seefilters-icon-id"
                                  onClick={[Function]}
                                  version="1.1"
                                  viewBox="0 0 24 24"
                                  width={24}
                                  x="0px"
                                  xmlSpace="preserve"
                                  xmlns="http://www.w3.org/2000/svg"
                                  xmlnsXlink="http://www.w3.org/1999/xlink"
                                  y="0px"
                                >
                                  <g>
                                    <path
                                      d="M11.999,17.306c0-2.823,2.217-5.131,5-5.29V5.5c0-0.133-0.053-0.26-0.146-0.354l-5-5C11.759,0.053,11.632,0,11.499,0h-11 c-0.275,0-0.5,0.224-0.5,0.5v21c0,0.276,0.225,0.5,0.5,0.5h14.342C13.154,21.11,11.999,19.341,11.999,17.306z M11.499,0.5l5,5h-5 V0.5z"
                                    />
                                    <path
                                      d="M23.853,23.146l-2.461-2.461l-0.713-0.714c0.581-0.734,0.932-1.659,0.932-2.666c0-2.374-1.932-4.306-4.305-4.306 c-2.375,0-4.307,1.932-4.307,4.306s1.932,4.305,4.307,4.305c1.007,0,1.932-0.35,2.666-0.932l0.713,0.713l2.461,2.462 C23.243,23.951,23.372,24,23.499,24c0.129,0,0.256-0.049,0.354-0.146C24.048,23.659,24.048,23.342,23.853,23.146z M17.306,20.61 c-1.823,0-3.307-1.482-3.307-3.305c0-1.823,1.483-3.306,3.307-3.306c1.822,0,3.305,1.482,3.305,3.306 C20.61,19.128,19.128,20.61,17.306,20.61z"
                                    />
                                  </g>
                                </svg>
                              </View>
                            </div>
                          </styled.div>
                        </div>
                      </th>
                      <th
                        aria-sort="none"
                        className="header none"
                        key="string"
                        role="columnheader"
                      >
                        <Styled(s)
                          href="#"
                          onClick={[Function]}
                        >
                          <s
                            className="c8 c9"
                            href="#"
                            onClick={[Function]}
                          >
                            <a
                              className="lenke c8 c9"
                              href="#"
                              onClick={[Function]}
                            >
                              ui:string
                            </a>
                          </s>
                        </Styled(s)>
                      </th>
                      <th
                        aria-sort="none"
                        className="header none"
                        key="date"
                        role="columnheader"
                      >
                        <Styled(s)
                          href="#"
                          onClick={[Function]}
                        >
                          <s
                            className="c8 c9"
                            href="#"
                            onClick={[Function]}
                          >
                            <a
                              className="lenke c8 c9"
                              href="#"
                              onClick={[Function]}
                            >
                              ui:date
                            </a>
                          </s>
                        </Styled(s)>
                      </th>
                      <th
                        aria-sort="none"
                        className="header none"
                        key="object"
                        role="columnheader"
                      >
                        <Styled(s)
                          href="#"
                          onClick={[Function]}
                        >
                          <s
                            className="c8 c9"
                            href="#"
                            onClick={[Function]}
                          >
                            <a
                              className="lenke c8 c9"
                              href="#"
                              onClick={[Function]}
                            >
                              ui:variant
                            </a>
                          </s>
                        </Styled(s)>
                      </th>
                    </tr>
                  </thead>
                  <tbody
                    className="striped"
                  >
                    <tr
                      aria-selected={false}
                      className="slideAnimate"
                      id="01"
                      key="01"
                      style={
                        Object {
                          "animationDelay": "0s",
                        }
                      }
                    >
                      <td>
                        <styled.div>
                          <div
                            className="c10 c11"
                          >
                            <Checkbox
                              checked={false}
                              data-testid="c-tableSorter__row-checkbox-id-01-test"
                              disabled={false}
                              id="c-tableSorter__row-checkbox-id-01-test"
                              label="Velg 01"
                              onChange={[Function]}
                            >
                              <div
                                className="skjemaelement"
                              >
                                <input
                                  aria-invalid={false}
                                  checked={false}
                                  className="skjemaelement__input checkboks"
                                  data-testid="c-tableSorter__row-checkbox-id-01-test"
                                  disabled={false}
                                  id="c-tableSorter__row-checkbox-id-01-test"
                                  onChange={[Function]}
                                  type="checkbox"
                                />
                                <label
                                  className="skjemaelement__label"
                                  htmlFor="c-tableSorter__row-checkbox-id-01-test"
                                >
                                  Velg 01
                                </label>
                              </div>
                            </Checkbox>
                          </div>
                        </styled.div>
                      </td>
                      <td
                        className=""
                        key="0"
                      >
                        <Normaltekst>
                          <TypografiBase
                            type="normaltekst"
                          >
                            <p
                              className="typo-normal"
                            >
                              <span>
                                String 01
                              </span>
                            </p>
                          </TypografiBase>
                        </Normaltekst>
                      </td>
                      <td
                        className=""
                        key="1"
                      >
                        <Normaltekst>
                          <TypografiBase
                            type="normaltekst"
                          >
                            <p
                              className="typo-normal"
                            >
                              2/1/2020
                            </p>
                          </TypografiBase>
                        </Normaltekst>
                      </td>
                      <td
                        className=""
                        key="2"
                      >
                        <span>
                          Object 01
                        </span>
                      </td>
                    </tr>
                    <tr
                      aria-selected={false}
                      className="slideAnimate"
                      id="02"
                      key="02"
                      style={
                        Object {
                          "animationDelay": "0.04s",
                        }
                      }
                    >
                      <td>
                        <styled.div>
                          <div
                            className="c10 c11"
                          >
                            <Checkbox
                              checked={false}
                              data-testid="c-tableSorter__row-checkbox-id-02-test"
                              disabled={false}
                              id="c-tableSorter__row-checkbox-id-02-test"
                              label="Velg 02"
                              onChange={[Function]}
                            >
                              <div
                                className="skjemaelement"
                              >
                                <input
                                  aria-invalid={false}
                                  checked={false}
                                  className="skjemaelement__input checkboks"
                                  data-testid="c-tableSorter__row-checkbox-id-02-test"
                                  disabled={false}
                                  id="c-tableSorter__row-checkbox-id-02-test"
                                  onChange={[Function]}
                                  type="checkbox"
                                />
                                <label
                                  className="skjemaelement__label"
                                  htmlFor="c-tableSorter__row-checkbox-id-02-test"
                                >
                                  Velg 02
                                </label>
                              </div>
                            </Checkbox>
                          </div>
                        </styled.div>
                      </td>
                      <td
                        className=""
                        key="0"
                      >
                        <Normaltekst>
                          <TypografiBase
                            type="normaltekst"
                          >
                            <p
                              className="typo-normal"
                            >
                              <span>
                                String 02
                              </span>
                            </p>
                          </TypografiBase>
                        </Normaltekst>
                      </td>
                      <td
                        className=""
                        key="1"
                      >
                        <Normaltekst>
                          <TypografiBase
                            type="normaltekst"
                          >
                            <p
                              className="typo-normal"
                            >
                              2/2/2020
                            </p>
                          </TypografiBase>
                        </Normaltekst>
                      </td>
                      <td
                        className=""
                        key="2"
                      >
                        <span>
                          Object 02
                        </span>
                      </td>
                    </tr>
                    <tr
                      aria-selected={false}
                      className="slideAnimate"
                      id="03"
                      key="03"
                      style={
                        Object {
                          "animationDelay": "0.08s",
                        }
                      }
                    >
                      <td>
                        <styled.div>
                          <div
                            className="c10 c11"
                          >
                            <Checkbox
                              checked={false}
                              data-testid="c-tableSorter__row-checkbox-id-03-test"
                              disabled={false}
                              id="c-tableSorter__row-checkbox-id-03-test"
                              label="Velg 03"
                              onChange={[Function]}
                            >
                              <div
                                className="skjemaelement"
                              >
                                <input
                                  aria-invalid={false}
                                  checked={false}
                                  className="skjemaelement__input checkboks"
                                  data-testid="c-tableSorter__row-checkbox-id-03-test"
                                  disabled={false}
                                  id="c-tableSorter__row-checkbox-id-03-test"
                                  onChange={[Function]}
                                  type="checkbox"
                                />
                                <label
                                  className="skjemaelement__label"
                                  htmlFor="c-tableSorter__row-checkbox-id-03-test"
                                >
                                  Velg 03
                                </label>
                              </div>
                            </Checkbox>
                          </div>
                        </styled.div>
                      </td>
                      <td
                        className=""
                        key="0"
                      >
                        <Normaltekst>
                          <TypografiBase
                            type="normaltekst"
                          >
                            <p
                              className="typo-normal"
                            >
                              <span>
                                String 03
                              </span>
                            </p>
                          </TypografiBase>
                        </Normaltekst>
                      </td>
                      <td
                        className=""
                        key="1"
                      >
                        <Normaltekst>
                          <TypografiBase
                            type="normaltekst"
                          >
                            <p
                              className="typo-normal"
                            >
                              2/3/2020
                            </p>
                          </TypografiBase>
                        </Normaltekst>
                      </td>
                      <td
                        className=""
                        key="2"
                      >
                        <span>
                          Object 03
                        </span>
                      </td>
                    </tr>
                    <tr
                      aria-selected={false}
                      className="slideAnimate"
                      id="04"
                      key="04"
                      style={
                        Object {
                          "animationDelay": "0.12s",
                        }
                      }
                    >
                      <td>
                        <styled.div>
                          <div
                            className="c10 c11"
                          >
                            <Checkbox
                              checked={false}
                              data-testid="c-tableSorter__row-checkbox-id-04-test"
                              disabled={false}
                              id="c-tableSorter__row-checkbox-id-04-test"
                              label="Velg 04"
                              onChange={[Function]}
                            >
                              <div
                                className="skjemaelement"
                              >
                                <input
                                  aria-invalid={false}
                                  checked={false}
                                  className="skjemaelement__input checkboks"
                                  data-testid="c-tableSorter__row-checkbox-id-04-test"
                                  disabled={false}
                                  id="c-tableSorter__row-checkbox-id-04-test"
                                  onChange={[Function]}
                                  type="checkbox"
                                />
                                <label
                                  className="skjemaelement__label"
                                  htmlFor="c-tableSorter__row-checkbox-id-04-test"
                                >
                                  Velg 04
                                </label>
                              </div>
                            </Checkbox>
                          </div>
                        </styled.div>
                      </td>
                      <td
                        className=""
                        key="0"
                      >
                        <Normaltekst>
                          <TypografiBase
                            type="normaltekst"
                          >
                            <p
                              className="typo-normal"
                            >
                              <span>
                                String 04
                              </span>
                            </p>
                          </TypografiBase>
                        </Normaltekst>
                      </td>
                      <td
                        className=""
                        key="1"
                      >
                        <Normaltekst>
                          <TypografiBase
                            type="normaltekst"
                          >
                            <p
                              className="typo-normal"
                            >
                              2/4/2020
                            </p>
                          </TypografiBase>
                        </Normaltekst>
                      </td>
                      <td
                        className=""
                        key="2"
                      >
                        <span>
                          Object 04
                        </span>
                      </td>
                    </tr>
                    <tr
                      aria-selected={false}
                      className="slideAnimate"
                      id="05"
                      key="05"
                      style={
                        Object {
                          "animationDelay": "0.16s",
                        }
                      }
                    >
                      <td>
                        <styled.div>
                          <div
                            className="c10 c11"
                          >
                            <Checkbox
                              checked={false}
                              data-testid="c-tableSorter__row-checkbox-id-05-test"
                              disabled={false}
                              id="c-tableSorter__row-checkbox-id-05-test"
                              label="Velg 05"
                              onChange={[Function]}
                            >
                              <div
                                className="skjemaelement"
                              >
                                <input
                                  aria-invalid={false}
                                  checked={false}
                                  className="skjemaelement__input checkboks"
                                  data-testid="c-tableSorter__row-checkbox-id-05-test"
                                  disabled={false}
                                  id="c-tableSorter__row-checkbox-id-05-test"
                                  onChange={[Function]}
                                  type="checkbox"
                                />
                                <label
                                  className="skjemaelement__label"
                                  htmlFor="c-tableSorter__row-checkbox-id-05-test"
                                >
                                  Velg 05
                                </label>
                              </div>
                            </Checkbox>
                          </div>
                        </styled.div>
                      </td>
                      <td
                        className=""
                        key="0"
                      >
                        <Normaltekst>
                          <TypografiBase
                            type="normaltekst"
                          >
                            <p
                              className="typo-normal"
                            >
                              <span>
                                String 05
                              </span>
                            </p>
                          </TypografiBase>
                        </Normaltekst>
                      </td>
                      <td
                        className=""
                        key="1"
                      >
                        <Normaltekst>
                          <TypografiBase
                            type="normaltekst"
                          >
                            <p
                              className="typo-normal"
                            >
                              2/5/2020
                            </p>
                          </TypografiBase>
                        </Normaltekst>
                      </td>
                      <td
                        className=""
                        key="2"
                      >
                        <span>
                          Object 05
                        </span>
                      </td>
                    </tr>
                  </tbody>
                </table>
              </styled.table>
              <styled.div>
                <div
                  className="c12 c13"
                >
                  <div />
                  <div />
                  <k
                    currentPage={1}
                    highContrast={false}
                    itemsPerPage={5}
                    numberOfItems={11}
                    onChange={[Function]}
                  >
                    <Zn
                      highContrast={false}
                    >
                      <Component
                        theme={
                          Object {
                            "alternative-background-color": "#e9e7e7",
                            "black": "#000000",
                            "border-radius-base": "4px",
                            "border-radius-large": "6px",
                            "border-radius-small": "2px",
                            "container-desktop": "(940px + @grid-gutter-width)",
                            "container-large-desktop": "(1140px + @grid-gutter-width)",
                            "container-lg": "(1140px + @grid-gutter-width)",
                            "container-md": "(940px + @grid-gutter-width)",
                            "container-sm": "(720px + @grid-gutter-width)",
                            "container-tablet": "(720px + @grid-gutter-width)",
                            "fokusFarge": "#01b19d",
                            "grayBackground": "#e9e7e7",
                            "grayIcon": "#b7b1a9",
                            "grayInactive": "#78706a",
                            "grayModia": "#333333",
                            "grid-columns": "12",
                            "grid-float-breakpoint": "768px",
                            "grid-float-breakpoint-max": "(@grid-float-breakpoint - 1)",
                            "grid-gutter-width": "16px",
                            "inverted-font-color": "#FFFFFF",
                            "line-height-large": "1.3333333",
                            "line-height-small": "1.5",
                            "main-active-color": "#43dfNaN",
                            "main-background-color": "#FFFFFF",
                            "main-border-color": "#78706a",
                            "main-border-radius": "4px",
                            "main-disabled-color": "#b7b1a9",
                            "main-error-color": "#ba3a26",
                            "main-focus-color": "#01b19d",
                            "main-font-color": "#3e3832",
                            "main-hover-color": "#20f4NaN",
                            "main-interactive-color": "#0067c5",
                            "main-success-color": "#06893a",
                            "main-warning-color": "#ff9100",
                            "navBakgrunn": "#ffffff",
                            "navBla": "#0067c5",
                            "navBlaDarken20": "#007fb7",
                            "navBlaDarken40": "#0198aa",
                            "navBlaDarken60": "#01b19d",
                            "navBlaDarken80": "#02ca90",
                            "navBlaLighten20": "#0385NaN",
                            "navBlaLighten40": "#06a3NaN",
                            "navBlaLighten60": "#09c2NaN",
                            "navBlaLighten80": "#0ce0NaN",
                            "navDypBla": "#005b82",
                            "navDypBlaDarken20": "#007682",
                            "navDypBlaDarken40": "#019182",
                            "navDypBlaDarken60": "#01ac82",
                            "navDypBlaDarken80": "#02c782",
                            "navDypBlaLighten20": "#037bNaN",
                            "navDypBlaLighten40": "#069cNaN",
                            "navDypBlaLighten60": "#09bdNaN",
                            "navDypBlaLighten80": "#0cdeNaN",
                            "navGra20": "#c6c2bf",
                            "navGra40": "#b7b1a9",
                            "navGra60": "#78706a",
                            "navGra80": "#59514b",
                            "navGraBakgrunn": "#f1f1f1",
                            "navGronn": "#06893a",
                            "navGronnDarken20": "#059b48",
                            "navGronnDarken40": "#04ad57",
                            "navGronnDarken60": "#04bf65",
                            "navGronnDarken80": "#03d174",
                            "navGronnLighten20": "#07a0NaN",
                            "navGronnLighten40": "#09b8NaN",
                            "navGronnLighten60": "#0bcfNaN",
                            "navGronnLighten80": "#0de7NaN",
                            "navLilla": "#634689",
                            "navLillaDarken20": "#4f6587",
                            "navLillaDarken40": "#3c8486",
                            "navLillaDarken60": "#29a485",
                            "navLillaDarken80": "#16c384",
                            "navLillaLighten20": "#526bNaN",
                            "navLillaLighten40": "#4190NaN",
                            "navLillaLighten60": "#30b5NaN",
                            "navLillaLighten80": "#1fdaNaN",
                            "navLimeGronn": "#a2ad00",
                            "navLimeGronnDarken20": "#82b71a",
                            "navLimeGronnDarken40": "#62c234",
                            "navLimeGronnDarken60": "#42cd4e",
                            "navLimeGronnDarken80": "#22d868",
                            "navLimeGronnLighten20": "#84bdNaN",
                            "navLimeGronnLighten40": "#67cdNaN",
                            "navLimeGronnLighten60": "#49deNaN",
                            "navLimeGronnLighten80": "#2ceeNaN",
                            "navLysBla": "#66cbec",
                            "navLysBlaDarken20": "#52cfd7",
                            "navLysBlaDarken40": "#3ed4c2",
                            "navLysBlaDarken60": "#2ad9ad",
                            "navLysBlaDarken80": "#16de98",
                            "navLysBlaLighten20": "#54d5NaN",
                            "navLysBlaLighten40": "#43dfNaN",
                            "navLysBlaLighten60": "#31eaNaN",
                            "navLysBlaLighten80": "#20f4NaN",
                            "navLysGra": "#e9e7e7",
                            "navMorkGra": "#3e3832",
                            "navOransje": "#ff9100",
                            "navOransjeDarken20": "#cca11a",
                            "navOransjeDarken40": "#9ab134",
                            "navOransjeDarken60": "#67c24e",
                            "navOransjeDarken80": "#35d268",
                            "navOransjeLighten20": "#cfa7NaN",
                            "navOransjeLighten40": "#9fbdNaN",
                            "navOransjeLighten60": "#6fd3NaN",
                            "navOransjeLighten80": "#3fe9NaN",
                            "navRod": "#c30000",
                            "navRodDarken20": "#9c2d1a",
                            "navRodDarken40": "#765a34",
                            "navRodDarken60": "#4f884e",
                            "navRodDarken80": "#29b568",
                            "navRodLighten20": "#9f33NaN",
                            "navRodLighten40": "#7b66NaN",
                            "navRodLighten60": "#5799NaN",
                            "navRodLighten80": "#33ccNaN",
                            "orangeFocus": "#ffbd66",
                            "orangeFocusDarken20": "#ccc46b",
                            "orangeFocusDarken40": "#9acc71",
                            "orangeFocusDarken60": "#67d377",
                            "orangeFocusDarken80": "#35db7d",
                            "orangeFocusLighten20": "#cfcaNaN",
                            "orangeFocusLighten40": "#9fd7NaN",
                            "orangeFocusLighten60": "#6fe4NaN",
                            "orangeFocusLighten80": "#3ff1NaN",
                            "padding-base-horizontal": "12px",
                            "padding-base-vertical": "6px",
                            "padding-large-horizontal": "16px",
                            "padding-large-vertical": "10px",
                            "padding-small-horizontal": "10px",
                            "padding-small-vertical": "5px",
                            "padding-xs-horizontal": "5px",
                            "padding-xs-vertical": "1px",
                            "pinkErrorBg": "#f3e3e3",
                            "redError": "#ba3a26",
                            "redErrorDarken20": "#955b38",
                            "redErrorDarken40": "#707d4b",
                            "redErrorDarken60": "#4c9f5d",
                            "redErrorDarken80": "#27c170",
                            "redErrorLighten20": "#9761NaN",
                            "redErrorLighten40": "#7588NaN",
                            "redErrorLighten60": "#53b0NaN",
                            "redErrorLighten80": "#31d7NaN",
                            "screen-desktop": "992px",
                            "screen-lg": "1200px",
                            "screen-lg-desktop": "1200px",
                            "screen-lg-min": "1200px",
                            "screen-md": "992px",
                            "screen-md-max": "(@screen-lg-min - 1)",
                            "screen-md-min": "992px",
                            "screen-sm": "768px",
                            "screen-sm-max": "(@screen-md-min - 1)",
                            "screen-sm-min": "768px",
                            "screen-tablet": "768px",
                            "screen-xs-max": "(@screen-sm-min - 1)",
                            "type": "theme",
                            "white": "#FFFFFF",
                          }
                        }
                      >
                        <styled.div
                          className=""
                        >
                          <div
                            className="c14 c15"
                          >
                            <Styled(a)
                              className="c-pagination__prev-button"
                              disabled={true}
                              key="prev"
                              kompakt={true}
                              onClick={[Function]}
                            >
                              <a
                                className="c16 c17 c-pagination__prev-button"
                                disabled={true}
                                kompakt={true}
                                onClick={[Function]}
                              >
                                <u
                                  autoDisableVedSpinner={false}
                                  className="c16 c17 c-pagination__prev-button"
                                  disabled={true}
                                  htmlType="submit"
                                  inaktivKlasseVedDisabled={false}
                                  kompakt={true}
                                  mini={false}
                                  onClick={[Function]}
                                  spinner={false}
                                  type="flat"
                                >
                                  <button
                                    className="knapp c16 c17 c-pagination__prev-button knapp--flat knapp--disabled knapp--kompakt"
                                    disabled={true}
                                    onClick={[Function]}
                                    type="submit"
                                  >
                                    ◄
                                  </button>
                                </u>
                              </a>
                            </Styled(a)>
                            <div
                              key="page_0"
                            >
                              <Styled(a)
                                className="c-pagination__page-button"
                                disabled={true}
                                kompakt={true}
                                onClick={[Function]}
                              >
                                <a
                                  className="c16 c17 c-pagination__page-button"
                                  disabled={true}
                                  kompakt={true}
                                  onClick={[Function]}
                                >
                                  <u
                                    autoDisableVedSpinner={false}
                                    className="c16 c17 c-pagination__page-button"
                                    disabled={true}
                                    htmlType="submit"
                                    inaktivKlasseVedDisabled={false}
                                    kompakt={true}
                                    mini={false}
                                    onClick={[Function]}
                                    spinner={false}
                                    type="flat"
                                  >
                                    <button
                                      className="knapp c16 c17 c-pagination__page-button knapp--flat knapp--disabled knapp--kompakt"
                                      disabled={true}
                                      onClick={[Function]}
                                      type="submit"
                                    >
                                      1
                                    </button>
                                  </u>
                                </a>
                              </Styled(a)>
                            </div>
                            <div
                              key="page_1"
                            >
                              <Styled(a)
                                className="c-pagination__page-button"
                                disabled={false}
                                kompakt={true}
                                onClick={[Function]}
                              >
                                <a
                                  className="c16 c17 c-pagination__page-button"
                                  disabled={false}
                                  kompakt={true}
                                  onClick={[Function]}
                                >
                                  <u
                                    autoDisableVedSpinner={false}
                                    className="c16 c17 c-pagination__page-button"
                                    disabled={false}
                                    htmlType="submit"
                                    inaktivKlasseVedDisabled={false}
                                    kompakt={true}
                                    mini={false}
                                    onClick={[Function]}
                                    spinner={false}
                                    type="flat"
                                  >
                                    <button
                                      className="knapp c16 c17 c-pagination__page-button knapp--flat knapp--kompakt"
                                      disabled={false}
                                      onClick={[Function]}
                                      type="submit"
                                    >
                                      2
                                    </button>
                                  </u>
                                </a>
                              </Styled(a)>
                            </div>
                            <div
                              key="page_2"
                            >
                              <Styled(a)
                                className="c-pagination__page-button"
                                disabled={false}
                                kompakt={true}
                                onClick={[Function]}
                              >
                                <a
                                  className="c16 c17 c-pagination__page-button"
                                  disabled={false}
                                  kompakt={true}
                                  onClick={[Function]}
                                >
                                  <u
                                    autoDisableVedSpinner={false}
                                    className="c16 c17 c-pagination__page-button"
                                    disabled={false}
                                    htmlType="submit"
                                    inaktivKlasseVedDisabled={false}
                                    kompakt={true}
                                    mini={false}
                                    onClick={[Function]}
                                    spinner={false}
                                    type="flat"
                                  >
                                    <button
                                      className="knapp c16 c17 c-pagination__page-button knapp--flat knapp--kompakt"
                                      disabled={false}
                                      onClick={[Function]}
                                      type="submit"
                                    >
                                      3
                                    </button>
                                  </u>
                                </a>
                              </Styled(a)>
                            </div>
                            <Styled(a)
                              className="c-pagination__next-button"
                              disabled={false}
                              key="next"
                              kompakt={true}
                              onClick={[Function]}
                            >
                              <a
                                className="c16 c17 c-pagination__next-button"
                                disabled={false}
                                kompakt={true}
                                onClick={[Function]}
                              >
                                <u
                                  autoDisableVedSpinner={false}
                                  className="c16 c17 c-pagination__next-button"
                                  disabled={false}
                                  htmlType="submit"
                                  inaktivKlasseVedDisabled={false}
                                  kompakt={true}
                                  mini={false}
                                  onClick={[Function]}
                                  spinner={false}
                                  type="flat"
                                >
                                  <button
                                    className="knapp c16 c17 c-pagination__next-button knapp--flat knapp--kompakt"
                                    disabled={false}
                                    onClick={[Function]}
                                    type="submit"
                                  >
                                    ►
                                  </button>
                                </u>
                              </a>
                            </Styled(a)>
                          </div>
                        </styled.div>
                      </Component>
                    </Zn>
                  </k>
                </div>
              </styled.div>
            </div>
          </styled.div>
        </div>
      </styled.div>
    </Component>
  </J>
</TableSorter>
`;
